Archive member included because of file (symbol)

/home/kartik/ARMtoolchain/gcc-arm-none-eabi-4_8-2013q4/bin/../lib/gcc/arm-none-eabi/4.8.3/../../../../arm-none-eabi/lib/armv7-m/libg.a(lib_a-errno.o)
                              ./libs/misc/src/_sbrk.o (__errno)
/home/kartik/ARMtoolchain/gcc-arm-none-eabi-4_8-2013q4/bin/../lib/gcc/arm-none-eabi/4.8.3/../../../../arm-none-eabi/lib/armv7-m/libg.a(lib_a-impure.o)
                              /home/kartik/ARMtoolchain/gcc-arm-none-eabi-4_8-2013q4/bin/../lib/gcc/arm-none-eabi/4.8.3/../../../../arm-none-eabi/lib/armv7-m/libg.a(lib_a-errno.o) (_impure_ptr)

Allocating common symbols
Common symbol       size              file

GPIO_InitStructure  0x4               ./src/main.o
nvic                0x4               ./src/main.o
count               0x4               ./src/main.o
EXTI_struct         0x8               ./src/main.o

Discarded input sections

 .group         0x00000000        0x8 ./src/main.o
 .group         0x00000000        0x8 ./src/main.o
 .group         0x00000000        0x8 ./src/main.o
 .group         0x00000000        0x8 ./src/main.o
 .group         0x00000000        0x8 ./src/main.o
 .group         0x00000000        0x8 ./src/main.o
 .group         0x00000000        0x8 ./src/main.o
 .group         0x00000000        0x8 ./src/main.o
 .group         0x00000000        0x8 ./src/main.o
 .group         0x00000000        0x8 ./src/main.o
 .group         0x00000000        0x8 ./src/main.o
 .group         0x00000000        0x8 ./src/main.o
 .group         0x00000000        0x8 ./src/main.o
 .group         0x00000000        0x8 ./src/main.o
 .group         0x00000000        0x8 ./src/main.o
 .group         0x00000000        0x8 ./src/main.o
 .group         0x00000000        0x8 ./src/main.o
 .group         0x00000000        0x8 ./src/main.o
 .group         0x00000000        0x8 ./src/main.o
 .group         0x00000000        0x8 ./src/main.o
 .group         0x00000000        0x8 ./src/main.o
 .group         0x00000000        0x8 ./src/main.o
 .group         0x00000000        0x8 ./src/main.o
 .group         0x00000000        0x8 ./src/main.o
 .group         0x00000000        0x8 ./src/main.o
 .group         0x00000000        0x8 ./src/main.o
 .group         0x00000000        0x8 ./src/main.o
 .group         0x00000000        0x8 ./src/main.o
 .group         0x00000000        0x8 ./src/main.o
 .group         0x00000000        0x8 ./src/main.o
 .group         0x00000000        0x8 ./src/main.o
 .group         0x00000000        0x8 ./src/main.o
 .group         0x00000000        0x8 ./src/main.o
 .text          0x00000000        0x0 ./src/main.o
 .data          0x00000000        0x0 ./src/main.o
 .bss           0x00000000        0x0 ./src/main.o
 .group         0x00000000        0x8 ./libs/misc/src/_sbrk.o
 .group         0x00000000        0x8 ./libs/misc/src/_sbrk.o
 .group         0x00000000        0x8 ./libs/misc/src/_sbrk.o
 .group         0x00000000        0x8 ./libs/misc/src/_sbrk.o
 .group         0x00000000        0x8 ./libs/misc/src/_sbrk.o
 .group         0x00000000        0x8 ./libs/misc/src/_sbrk.o
 .group         0x00000000        0x8 ./libs/misc/src/_sbrk.o
 .group         0x00000000        0x8 ./libs/misc/src/_sbrk.o
 .group         0x00000000        0x8 ./libs/misc/src/_sbrk.o
 .group         0x00000000        0x8 ./libs/misc/src/_sbrk.o
 .group         0x00000000        0x8 ./libs/misc/src/_sbrk.o
 .group         0x00000000        0x8 ./libs/misc/src/_sbrk.o
 .group         0x00000000        0x8 ./libs/misc/src/_sbrk.o
 .group         0x00000000        0x8 ./libs/misc/src/_sbrk.o
 .group         0x00000000        0x8 ./libs/misc/src/_sbrk.o
 .text          0x00000000        0x0 ./libs/misc/src/_sbrk.o
 .data          0x00000000        0x0 ./libs/misc/src/_sbrk.o
 .bss           0x00000000        0x0 ./libs/misc/src/_sbrk.o
 .text._sbrk    0x00000000       0x68 ./libs/misc/src/_sbrk.o
 .bss.current_heap_end.4278
                0x00000000        0x4 ./libs/misc/src/_sbrk.o
 .debug_info    0x00000000      0x109 ./libs/misc/src/_sbrk.o
 .debug_abbrev  0x00000000       0x8e ./libs/misc/src/_sbrk.o
 .debug_aranges
                0x00000000       0x20 ./libs/misc/src/_sbrk.o
 .debug_ranges  0x00000000       0x10 ./libs/misc/src/_sbrk.o
 .debug_macro   0x00000000       0xd1 ./libs/misc/src/_sbrk.o
 .debug_macro   0x00000000      0x85c ./libs/misc/src/_sbrk.o
 .debug_macro   0x00000000       0x52 ./libs/misc/src/_sbrk.o
 .debug_macro   0x00000000       0x16 ./libs/misc/src/_sbrk.o
 .debug_macro   0x00000000       0x35 ./libs/misc/src/_sbrk.o
 .debug_macro   0x00000000       0xa3 ./libs/misc/src/_sbrk.o
 .debug_macro   0x00000000       0x3a ./libs/misc/src/_sbrk.o
 .debug_macro   0x00000000       0x52 ./libs/misc/src/_sbrk.o
 .debug_macro   0x00000000       0x16 ./libs/misc/src/_sbrk.o
 .debug_macro   0x00000000       0x19 ./libs/misc/src/_sbrk.o
 .debug_macro   0x00000000      0x16d ./libs/misc/src/_sbrk.o
[...]
Memory Configuration

Name             Origin             Length             Attributes
RAM              0x20000000         0x00005000         xrw
CCMRAM           0x00000000         0x00000000         xrw
FLASH            0x08000000         0x00020000         xr
FLASHB1          0x00000000         0x00000000         xr
EXTMEMB0         0x00000000         0x00000000         xr
EXTMEMB1         0x00000000         0x00000000         xr
EXTMEMB2         0x00000000         0x00000000         xr
EXTMEMB3         0x00000000         0x00000000         xr
MEMORY_ARRAY     0x00000000         0x00000000         xrw
*default*        0x00000000         0xffffffff

Linker script and memory map

LOAD ./src/main.o
LOAD ./libs/misc/src/_sbrk.o
LOAD ./libs/misc/src/_write.o
LOAD ./libs/misc/src/trace_impl.o
LOAD ./libs/StdPeriph/src/misc.o
LOAD ./libs/StdPeriph/src/stm32f10x_adc.o
LOAD ./libs/StdPeriph/src/stm32f10x_bkp.o
LOAD ./libs/StdPeriph/src/stm32f10x_can.o
LOAD ./libs/StdPeriph/src/stm32f10x_cec.o
LOAD ./libs/StdPeriph/src/stm32f10x_crc.o
LOAD ./libs/StdPeriph/src/stm32f10x_dac.o
LOAD ./libs/StdPeriph/src/stm32f10x_dbgmcu.o
LOAD ./libs/StdPeriph/src/stm32f10x_dma.o
LOAD ./libs/StdPeriph/src/stm32f10x_exti.o
LOAD ./libs/StdPeriph/src/stm32f10x_flash.o
LOAD ./libs/StdPeriph/src/stm32f10x_fsmc.o
LOAD ./libs/StdPeriph/src/stm32f10x_gpio.o
LOAD ./libs/StdPeriph/src/stm32f10x_i2c.o
LOAD ./libs/StdPeriph/src/stm32f10x_iwdg.o
LOAD ./libs/StdPeriph/src/stm32f10x_pwr.o
LOAD ./libs/StdPeriph/src/stm32f10x_rcc.o
LOAD ./libs/StdPeriph/src/stm32f10x_rtc.o
LOAD ./libs/StdPeriph/src/stm32f10x_sdio.o
LOAD ./libs/StdPeriph/src/stm32f10x_spi.o
LOAD ./libs/StdPeriph/src/stm32f10x_tim.o
LOAD ./libs/StdPeriph/src/stm32f10x_usart.o
LOAD ./libs/StdPeriph/src/stm32f10x_wwdg.o
LOAD ./libs/CMSIS/src/core_cm3.o
LOAD ./libs/CMSIS/src/startup_cm.o
LOAD ./libs/CMSIS/src/startup_stm32f10x.o
LOAD ./libs/CMSIS/src/system_stm32f10x.o
LOAD ./libs/CMSIS/src/vectors_stm32f10x.o
START GROUP
LOAD /home/kartik/ARMtoolchain/gcc-arm-none-eabi-4_8-2013q4/bin/../lib/gcc/arm-none-eabi/4.8.3/armv7-m/libgcc.a
LOAD /home/kartik/ARMtoolchain/gcc-arm-none-eabi-4_8-2013q4/bin/../lib/gcc/arm-none-eabi/4.8.3/../../../../arm-none-eabi/lib/armv7-m/libg.a
LOAD /home/kartik/ARMtoolchain/gcc-arm-none-eabi-4_8-2013q4/bin/../lib/gcc/arm-none-eabi/4.8.3/../../../../arm-none-eabi/lib/armv7-m/libc.a
END GROUP
START GROUP
LOAD /home/kartik/ARMtoolchain/gcc-arm-none-eabi-4_8-2013q4/bin/../lib/gcc/arm-none-eabi/4.8.3/armv7-m/libgcc.a
LOAD /home/kartik/ARMtoolchain/gcc-arm-none-eabi-4_8-2013q4/bin/../lib/gcc/arm-none-eabi/4.8.3/../../../../arm-none-eabi/lib/armv7-m/libg.a
LOAD /home/kartik/ARMtoolchain/gcc-arm-none-eabi-4_8-2013q4/bin/../lib/gcc/arm-none-eabi/4.8.3/../../../../arm-none-eabi/lib/armv7-m/libc.a
LOAD /home/kartik/ARMtoolchain/gcc-arm-none-eabi-4_8-2013q4/bin/../lib/gcc/arm-none-eabi/4.8.3/../../../../arm-none-eabi/lib/armv7-m/libm.a
LOAD /home/kartik/ARMtoolchain/gcc-arm-none-eabi-4_8-2013q4/bin/../lib/gcc/arm-none-eabi/4.8.3/../../../../arm-none-eabi/lib/armv7-m/libnosys.a
END GROUP
                0x20005000                __stack = (ORIGIN (RAM) + 0x5000)
                0x20005000                _estack = __stack
                0x00000400                __Main_Stack_Size = 0x400
                0x00000400                PROVIDE (_Main_Stack_Size, __Main_Stack_Size)
                0x20004c00                __Main_Stack_Limit = (__stack - __Main_Stack_Size)
                0x20004c00                PROVIDE (_Main_Stack_Limit, __Main_Stack_Limit)
                0x00000100                _Minimum_Stack_Size = 0x100
                0x2000001c                PROVIDE (_Heap_Begin, _end_noinit)
                0x20004c00                PROVIDE (_Heap_Limit, (__stack - _Main_Stack_Size))

.isr_vector     0x08000000      0x1e8
                0x08000000                . = ALIGN (0x4)
 *(.isr_vector)
 .isr_vector    0x08000000      0x10c ./libs/CMSIS/src/vectors_stm32f10x.o
                0x08000000                g_pfnVectors
 *(.after_vectors .after_vectors.*)
 .after_vectors
                0x0800010c       0x8c ./libs/CMSIS/src/startup_cm.o
                0x0800010c                Reset_Handler
                0x08000150                system_init
 .after_vectors
                0x08000198       0x50 ./libs/CMSIS/src/vectors_stm32f10x.o
                0x08000198                RTC_Alarm_IRQHandler
                0x08000198                EXTI2_IRQHandler
                0x08000198                TIM8_TRG_COM_IRQHandler
                0x08000198                TIM8_CC_IRQHandler
                0x08000198                TIM1_CC_IRQHandler
                0x08000198                TIM6_IRQHandler
                0x08000198                PVD_IRQHandler
                0x08000198                SDIO_IRQHandler
                0x08000198                CAN2_RX1_IRQHandler
                0x08000198                EXTI3_IRQHandler
                0x08000198                TIM8_TRG_COM_TIM14_IRQHandler
                0x08000198                TIM1_UP_TIM10_IRQHandler
                0x08000198                TIM8_UP_TIM13_IRQHandler
                0x08000198                EXTI0_IRQHandler
                0x08000198                I2C2_EV_IRQHandler
                0x08000198                CAN1_RX0_IRQHandler
                0x08000198                TIM1_UP_TIM16_IRQHandler
                0x08000198                CAN2_SCE_IRQHandler
                0x08000198                ADC1_2_IRQHandler
                0x08000198                SPI1_IRQHandler
                0x08000198                TAMPER_IRQHandler
                0x08000198                TIM6_DAC_IRQHandler
                0x08000198                TIM1_BRK_TIM9_IRQHandler
                0x08000198                CAN2_RX0_IRQHandler
                0x08000198                TIM8_UP_IRQHandler
                0x08000198                DMA2_Channel2_IRQHandler
                0x08000198                DMA1_Channel4_IRQHandler
                0x08000198                USART3_IRQHandler
                0x08000198                RTC_IRQHandler
                0x08000198                DMA1_Channel7_IRQHandler
                0x08000198                CAN1_RX1_IRQHandler
                0x08000198                UART5_IRQHandler
                0x08000198                ADC3_IRQHandler
                0x08000198                TIM4_IRQHandler
                0x08000198                DMA2_Channel1_IRQHandler
                0x08000198                I2C1_EV_IRQHandler
                0x08000198                DMA1_Channel6_IRQHandler
                0x08000198                UART4_IRQHandler
                0x08000198                DMA2_Channel4_IRQHandler
                0x08000198                TIM3_IRQHandler
                0x08000198                RCC_IRQHandler
                0x08000198                TIM8_BRK_TIM12_IRQHandler
                0x08000198                TIM1_TRG_COM_IRQHandler
                0x08000198                DMA1_Channel1_IRQHandler
                0x08000198                Default_Handler
                0x08000198                CEC_IRQHandler
                0x08000198                EXTI15_10_IRQHandler
                0x08000198                TIM14_IRQHandler
                0x08000198                TIM13_IRQHandler
                0x08000198                TIM12_IRQHandler
                0x08000198                TIM7_IRQHandler
                0x08000198                CAN2_TX_IRQHandler
                0x08000198                TIM5_IRQHandler
                0x08000198                ETH_WKUP_IRQHandler
                0x08000198                SPI2_IRQHandler
                0x08000198                CAN1_TX_IRQHandler
                0x08000198                DMA2_Channel5_IRQHandler
                0x08000198                DMA1_Channel5_IRQHandler
                0x08000198                EXTI4_IRQHandler
                0x08000198                USB_LP_CAN1_RX0_IRQHandler
                0x08000198                TIM1_TRG_COM_TIM17_IRQHandler
                0x08000198                USB_HP_CAN1_TX_IRQHandler
                0x08000198                DMA1_Channel3_IRQHandler
                0x08000198                FSMC_IRQHandler
                0x08000198                ETH_IRQHandler
                0x08000198                TIM1_UP_IRQHandler
                0x08000198                WWDG_IRQHandler
                0x08000198                TIM2_IRQHandler
                0x08000198                OTG_FS_WKUP_IRQHandler
                0x08000198                TIM1_TRG_COM_TIM11_IRQHandler
                0x08000198                TIM1_BRK_IRQHandler
                0x08000198                EXTI1_IRQHandler
                0x08000198                DMA2_Channel4_5_IRQHandler
                0x08000198                USART2_IRQHandler
                0x08000198                I2C2_ER_IRQHandler
                0x08000198                DMA1_Channel2_IRQHandler
                0x08000198                TIM8_BRK_IRQHandler
                0x08000198                CAN1_SCE_IRQHandler
                0x08000198                FLASH_IRQHandler
                0x08000198                USART1_IRQHandler
                0x08000198                OTG_FS_IRQHandler
                0x08000198                SPI3_IRQHandler
                0x08000198                I2C1_ER_IRQHandler
                0x08000198                USBWakeUp_IRQHandler
                0x08000198                DMA2_Channel3_IRQHandler
                0x08000198                TIM1_BRK_TIM15_IRQHandler
                0x080001a0                NMI_Handler
                0x080001a8                HardFault_Handler
                0x080001b0                MemManage_Handler
                0x080001b8                BusFault_Handler
                0x080001c0                UsageFault_Handler
                0x080001c8                SVC_Handler
                0x080001d0                DebugMon_Handler
                0x080001d8                PendSV_Handler
                0x080001e0                SysTick_Handler
                0x080001e8                . = ALIGN (0x4)

._inits         0x080001e8        0x4
                0x080001e8                . = ALIGN (0x4)
 *(.init)
 *(.fini)
                0x080001e8                . = ALIGN (0x4)
                0x080001e8                PROVIDE (__preinit_array_start, .)
 *(.preinit_array_sysinit .preinit_array_sysinit.*)
 .preinit_array_sysinit
                0x080001e8        0x4 ./libs/CMSIS/src/startup_cm.o
                0x080001e8                p_system_init
 *(.preinit_array_platform .preinit_array_platform.*)
 *(.preinit_array .preinit_array.*)
                0x080001ec                PROVIDE (__preinit_array_end, .)
                0x080001ec                . = ALIGN (0x4)
                0x080001ec                PROVIDE (__init_array_start, .)
 *(SORT(.init_array.*))
 *(.init_array)
                0x080001ec                PROVIDE (__init_array_end, .)
                0x080001ec                . = ALIGN (0x4)
                0x080001ec                PROVIDE (__fini_array_start, .)
 *(SORT(.fini_array.*))
 *(.fini_array)
                0x080001ec                PROVIDE (__fini_array_end, .)
                0x080001ec                . = ALIGN (0x4)

.flashtext      0x080001ec        0x0
                0x080001ec                . = ALIGN (0x4)
 *(.flashtext .flashtext.*)
                0x080001ec                . = ALIGN (0x4)

.text           0x080001ec      0x82c
                0x080001ec                . = ALIGN (0x4)
 *(.text .text.*)
 .text.EXTI9_5_IRQHandler
                0x080001ec       0xdc ./src/main.o
                0x080001ec                EXTI9_5_IRQHandler
 .text.main     0x080002c8       0xc4 ./src/main.o
                0x080002c8                main
 .text.NVIC_Init
                0x0800038c       0xc0 ./libs/StdPeriph/src/misc.o
                0x0800038c                NVIC_Init
 .text.EXTI_Init
                0x0800044c       0xdc ./libs/StdPeriph/src/stm32f10x_exti.o
                0x0800044c                EXTI_Init
 .text.EXTI_ClearITPendingBit
                0x08000528       0x1c ./libs/StdPeriph/src/stm32f10x_exti.o
                0x08000528                EXTI_ClearITPendingBit
 .text.GPIO_Init
                0x08000544      0x178 ./libs/StdPeriph/src/stm32f10x_gpio.o
                0x08000544                GPIO_Init
 .text.GPIO_ReadInputDataBit
                0x080006bc       0x34 ./libs/StdPeriph/src/stm32f10x_gpio.o
                0x080006bc                GPIO_ReadInputDataBit
 .text.GPIO_SetBits
                0x080006f0       0x1c ./libs/StdPeriph/src/stm32f10x_gpio.o
                0x080006f0                GPIO_SetBits
 .text.GPIO_ResetBits
                0x0800070c       0x1c ./libs/StdPeriph/src/stm32f10x_gpio.o
                0x0800070c                GPIO_ResetBits
 .text.GPIO_EXTILineConfig
                0x08000728       0x7c ./libs/StdPeriph/src/stm32f10x_gpio.o
                0x08000728                GPIO_EXTILineConfig
 .text.RCC_APB2PeriphClockCmd
                0x080007a4       0x3c ./libs/StdPeriph/src/stm32f10x_rcc.o
                0x080007a4                RCC_APB2PeriphClockCmd
 .text.__libc_init_array
                0x080007e0       0x6c ./libs/CMSIS/src/startup_cm.o
                0x080007e0                __libc_init_array
 .text.__libc_fini_array
                0x0800084c       0x3c ./libs/CMSIS/src/startup_cm.o
                0x0800084c                __libc_fini_array
 .text._exit    0x08000888        0xc ./libs/CMSIS/src/startup_stm32f10x.o
                0x08000888                _exit
 .text.SystemInit
                0x08000894       0x68 ./libs/CMSIS/src/system_stm32f10x.o
                0x08000894                SystemInit
 .text.SetSysClock
                0x080008fc        0xc ./libs/CMSIS/src/system_stm32f10x.o
 .text.SetSysClockTo72
                0x08000908      0x100 ./libs/CMSIS/src/system_stm32f10x.o
 *(.rodata .rodata.*)
 .rodata.states.6410
                0x08000a08       0x10 ./src/main.o
 *(.eh_frame*)
 *(.glue_7)
 .glue_7        0x00000000        0x0 linker stubs
 *(.glue_7t)
 .glue_7t       0x00000000        0x0 linker stubs

.vfp11_veneer   0x08000a18        0x0
 .vfp11_veneer  0x00000000        0x0 linker stubs

.v4_bx          0x08000a18        0x0
 .v4_bx         0x00000000        0x0 linker stubs

.iplt           0x08000a18        0x0
 .iplt          0x00000000        0x0 ./src/main.o

.rel.dyn        0x08000a18        0x0
 .rel.iplt      0x00000000        0x0 ./src/main.o

.ARM.extab
 *(.ARM.extab* .gnu.linkonce.armextab.*)
                0x08000a18                __exidx_start = .

.ARM.exidx
 *(.ARM.exidx* .gnu.linkonce.armexidx.*)
                0x08000a18                __exidx_end = .
                0x08000a18                . = ALIGN (0x4)
                0x08000a18                _etext = .
                0x08000a18                _sidata = _etext

.ROarraySection
 *(.ROarraySection .ROarraySection.*)

.data           0x20000000        0x0 load address 0x08000a18
                0x20000000                . = ALIGN (0x4)
                0x20000000                _sdata = .
                0x20000000                __data_start__ = .
 *(vtable)
 *(.data .data.*)
                0x20000000                . = ALIGN (0x4)
                0x20000000                _edata = .
                0x20000000                __data_end__ = .

.igot.plt       0x20000000        0x0
 .igot.plt      0x00000000        0x0 ./src/main.o

.bss            0x20000000       0x1c
                0x20000000                . = ALIGN (0x4)
                0x20000000                __bss_start__ = .
                0x20000000                _sbss = .
 *(.bss .bss.*)
 .bss.prev_encoder_pos.6413
                0x20000000        0x1 ./src/main.o
 *fill*         0x20000001        0x1 
 .bss.current_encoder_pos.6411
                0x20000002        0x2 ./src/main.o
 .bss.count.6409
                0x20000004        0x1 ./src/main.o
 *fill*         0x20000005        0x1 
 .bss.enc_count.6412
                0x20000006        0x2 ./src/main.o
 *(COMMON)
 COMMON         0x20000008       0x14 ./src/main.o
                0x20000008                GPIO_InitStructure
                0x2000000c                nvic
                0x20000010                count
                0x20000014                EXTI_struct
                0x2000001c                . = ALIGN (0x4)
                0x2000001c                __bss_end__ = .
                0x2000001c                _ebss = .

.noinit         0x2000001c        0x0
                0x2000001c                . = ALIGN (0x4)
                0x2000001c                _noinit = .
 *(.noinit .noinit.*)
                0x2000001c                . = ALIGN (0x4)
                0x2000001c                _end_noinit = .
                0x2000001c                PROVIDE (end, _end_noinit)
                0x2000001c                PROVIDE (_end, _end_noinit)

._check_stack   0x2000001c      0x100
                0x2000001c                . = ALIGN (0x4)
                0x2000011c                . = (. + _Minimum_Stack_Size)
 *fill*         0x2000001c      0x100 
                0x2000011c                . = ALIGN (0x4)

.bss_CCMRAM
 *(.bss.CCMRAM .bss.CCMRAM.*)

.b1text
 *(.b1text)
 *(.b1rodata)
 *(.b1rodata.*)

.eb0text
 *(.eb0text)
 *(.eb0rodata)
 *(.eb0rodata.*)

.eb1text
 *(.eb1text)
 *(.eb1rodata)
 *(.eb1rodata.*)

.eb2text
 *(.eb2text)
 *(.eb2rodata)
 *(.eb2rodata.*)

.eb3text
 *(.eb3text)
 *(.eb3rodata)
 *(.eb3rodata.*)

.stab
 *(.stab)

.stabstr
 *(.stabstr)

.stab.excl
 *(.stab.excl)

.stab.exclstr
 *(.stab.exclstr)

.stab.index
 *(.stab.index)

.stab.indexstr
 *(.stab.indexstr)

.comment        0x00000000       0x70
 *(.comment)
 .comment       0x00000000       0x70 ./src/main.o
                                 0x71 (size before relaxing)
 .comment       0x00000000       0x71 ./libs/StdPeriph/src/misc.o
 .comment       0x00000000       0x71 ./libs/StdPeriph/src/stm32f10x_exti.o
 .comment       0x00000000       0x71 ./libs/StdPeriph/src/stm32f10x_gpio.o
 .comment       0x00000000       0x71 ./libs/StdPeriph/src/stm32f10x_rcc.o
 .comment       0x00000000       0x71 ./libs/CMSIS/src/startup_cm.o
 .comment       0x00000000       0x71 ./libs/CMSIS/src/startup_stm32f10x.o
 .comment       0x00000000       0x71 ./libs/CMSIS/src/system_stm32f10x.o
 .comment       0x00000000       0x71 ./libs/CMSIS/src/vectors_stm32f10x.o

.ARM.attributes
                0x00000000       0x33
 .ARM.attributes
                0x00000000       0x33 ./src/main.o
 .ARM.attributes
                0x00000033       0x33 ./libs/StdPeriph/src/misc.o
 .ARM.attributes
                0x00000066       0x33 ./libs/StdPeriph/src/stm32f10x_exti.o
 .ARM.attributes
                0x00000099       0x33 ./libs/StdPeriph/src/stm32f10x_gpio.o
 .ARM.attributes
                0x000000cc       0x33 ./libs/StdPeriph/src/stm32f10x_rcc.o
 .ARM.attributes
                0x000000ff       0x33 ./libs/CMSIS/src/startup_cm.o
 .ARM.attributes
                0x00000132       0x33 ./libs/CMSIS/src/startup_stm32f10x.o
 .ARM.attributes
                0x00000165       0x33 ./libs/CMSIS/src/system_stm32f10x.o
 .ARM.attributes
                0x00000198       0x33 ./libs/CMSIS/src/vectors_stm32f10x.o

.debug
 *(.debug)

.line
 *(.line)

.debug_srcinfo
 *(.debug_srcinfo)

.debug_sfnames
 *(.debug_sfnames)

.debug_aranges  0x00000000      0x378
 *(.debug_aranges)
 .debug_aranges
                0x00000000       0x28 ./src/main.o
 .debug_aranges
                0x00000028       0x40 ./libs/StdPeriph/src/misc.o
 .debug_aranges
                0x00000068       0x58 ./libs/StdPeriph/src/stm32f10x_exti.o
 .debug_aranges
                0x000000c0       0xa8 ./libs/StdPeriph/src/stm32f10x_gpio.o
 .debug_aranges
                0x00000168      0x118 ./libs/StdPeriph/src/stm32f10x_rcc.o
 .debug_aranges
                0x00000280       0x38 ./libs/CMSIS/src/startup_cm.o
 .debug_aranges
                0x000002b8       0x20 ./libs/CMSIS/src/startup_stm32f10x.o
 .debug_aranges
                0x000002d8       0x38 ./libs/CMSIS/src/system_stm32f10x.o
 .debug_aranges
                0x00000310       0x68 ./libs/CMSIS/src/vectors_stm32f10x.o

.debug_pubnames
 *(.debug_pubnames)

.debug_info     0x00000000     0x249b
 *(.debug_info .gnu.linkonce.wi.*)
 .debug_info    0x00000000      0x4ed ./src/main.o
 .debug_info    0x000004ed      0x4db ./libs/StdPeriph/src/misc.o
 .debug_info    0x000009c8      0x328 ./libs/StdPeriph/src/stm32f10x_exti.o
 .debug_info    0x00000cf0      0x6b8 ./libs/StdPeriph/src/stm32f10x_gpio.o
 .debug_info    0x000013a8      0x85e ./libs/StdPeriph/src/stm32f10x_rcc.o
 .debug_info    0x00001c06      0x29c ./libs/CMSIS/src/startup_cm.o
 .debug_info    0x00001ea2       0xaa ./libs/CMSIS/src/startup_stm32f10x.o
 .debug_info    0x00001f4c      0x41b ./libs/CMSIS/src/system_stm32f10x.o
 .debug_info    0x00002367      0x134 ./libs/CMSIS/src/vectors_stm32f10x.o

.debug_abbrev   0x00000000      0xb2b
 *(.debug_abbrev)
 .debug_abbrev  0x00000000      0x14c ./src/main.o
 .debug_abbrev  0x0000014c      0x159 ./libs/StdPeriph/src/misc.o
 .debug_abbrev  0x000002a5      0x156 ./libs/StdPeriph/src/stm32f10x_exti.o
 .debug_abbrev  0x000003fb      0x1cd ./libs/StdPeriph/src/stm32f10x_gpio.o
 .debug_abbrev  0x000005c8      0x1bf ./libs/StdPeriph/src/stm32f10x_rcc.o
 .debug_abbrev  0x00000787      0x128 ./libs/CMSIS/src/startup_cm.o
 .debug_abbrev  0x000008af       0x6e ./libs/CMSIS/src/startup_stm32f10x.o
 .debug_abbrev  0x0000091d      0x17c ./libs/CMSIS/src/system_stm32f10x.o
 .debug_abbrev  0x00000a99       0x92 ./libs/CMSIS/src/vectors_stm32f10x.o

.debug_line     0x00000000     0x2733
 *(.debug_line)
 .debug_line    0x00000000      0x4bd ./src/main.o
 .debug_line    0x000004bd      0x487 ./libs/StdPeriph/src/misc.o
 .debug_line    0x00000944      0x4dd ./libs/StdPeriph/src/stm32f10x_exti.o
 .debug_line    0x00000e21      0x5e7 ./libs/StdPeriph/src/stm32f10x_gpio.o
 .debug_line    0x00001408      0x6f6 ./libs/StdPeriph/src/stm32f10x_rcc.o
 .debug_line    0x00001afe      0x2a8 ./libs/CMSIS/src/startup_cm.o
 .debug_line    0x00001da6      0x438 ./libs/CMSIS/src/startup_stm32f10x.o
 .debug_line    0x000021de      0x4c2 ./libs/CMSIS/src/system_stm32f10x.o
 .debug_line    0x000026a0       0x93 ./libs/CMSIS/src/vectors_stm32f10x.o

.debug_frame    0x00000000      0x9a8
 *(.debug_frame)
 .debug_frame   0x00000000       0x4c ./src/main.o
 .debug_frame   0x0000004c       0x9c ./libs/StdPeriph/src/misc.o
 .debug_frame   0x000000e8       0xec ./libs/StdPeriph/src/stm32f10x_exti.o
 .debug_frame   0x000001d4      0x210 ./libs/StdPeriph/src/stm32f10x_gpio.o
 .debug_frame   0x000003e4      0x388 ./libs/StdPeriph/src/stm32f10x_rcc.o
 .debug_frame   0x0000076c       0x90 ./libs/CMSIS/src/startup_cm.o
 .debug_frame   0x000007fc       0x2c ./libs/CMSIS/src/startup_stm32f10x.o
 .debug_frame   0x00000828       0x80 ./libs/CMSIS/src/system_stm32f10x.o
 .debug_frame   0x000008a8      0x100 ./libs/CMSIS/src/vectors_stm32f10x.o

.debug_str      0x00000000    0x4eab1
 *(.debug_str)
 .debug_str     0x00000000    0x4cb62 ./src/main.o
                              0x4cc9f (size before relaxing)
 .debug_str     0x0004cb62      0x1f1 ./libs/StdPeriph/src/misc.o
                              0x4c946 (size before relaxing)
 .debug_str     0x0004cd53      0x116 ./libs/StdPeriph/src/stm32f10x_exti.o
                              0x4c8d9 (size before relaxing)
 .debug_str     0x0004ce69      0x48c ./libs/StdPeriph/src/stm32f10x_gpio.o
                              0x4ccb3 (size before relaxing)
 .debug_str     0x0004d2f5      0xb57 ./libs/StdPeriph/src/stm32f10x_rcc.o
                              0x4d299 (size before relaxing)
 .debug_str     0x0004de4c      0xa99 ./libs/CMSIS/src/startup_cm.o
                               0x3458 (size before relaxing)
 .debug_str     0x0004e8e5       0x2c ./libs/CMSIS/src/startup_stm32f10x.o
                              0x4c6e0 (size before relaxing)
 .debug_str     0x0004e911       0xc5 ./libs/CMSIS/src/system_stm32f10x.o
                              0x4c864 (size before relaxing)
 .debug_str     0x0004e9d6       0xdb ./libs/CMSIS/src/vectors_stm32f10x.o
                               0x24da (size before relaxing)

.debug_loc
 *(.debug_loc)

.debug_macinfo
 *(.debug_macinfo)

.debug_weaknames
 *(.debug_weaknames)

.debug_funcnames
 *(.debug_funcnames)

.debug_typenames
 *(.debug_typenames)

.debug_varnames
 *(.debug_varnames)
OUTPUT(nb.elf elf32-littlearm)

.debug_ranges   0x00000000      0x2e8
 .debug_ranges  0x00000000       0x18 ./src/main.o
 .debug_ranges  0x00000018       0x30 ./libs/StdPeriph/src/misc.o
 .debug_ranges  0x00000048       0x48 ./libs/StdPeriph/src/stm32f10x_exti.o
 .debug_ranges  0x00000090       0x98 ./libs/StdPeriph/src/stm32f10x_gpio.o
 .debug_ranges  0x00000128      0x108 ./libs/StdPeriph/src/stm32f10x_rcc.o
 .debug_ranges  0x00000230       0x28 ./libs/CMSIS/src/startup_cm.o
 .debug_ranges  0x00000258       0x10 ./libs/CMSIS/src/startup_stm32f10x.o
 .debug_ranges  0x00000268       0x28 ./libs/CMSIS/src/system_stm32f10x.o
 .debug_ranges  0x00000290       0x58 ./libs/CMSIS/src/vectors_stm32f10x.o

.debug_macro    0x00000000     0xd3fa
 .debug_macro   0x00000000      0x186 ./src/main.o
 .debug_macro   0x00000186      0x85c ./src/main.o
 .debug_macro   0x000009e2       0x50 ./src/main.o
 .debug_macro   0x00000a32       0x22 ./src/main.o
 .debug_macro   0x00000a54       0x52 ./src/main.o
 .debug_macro   0x00000aa6       0x16 ./src/main.o
 .debug_macro   0x00000abc       0x35 ./src/main.o
 .debug_macro   0x00000af1       0xa3 ./src/main.o
 .debug_macro   0x00000b94      0x20e ./src/main.o
 .debug_macro   0x00000da2      0x69f ./src/main.o
 .debug_macro   0x00001441     0x7dbe ./src/main.o
 .debug_macro   0x000091ff      0x2df ./src/main.o
 .debug_macro   0x000094de      0x144 ./src/main.o
 .debug_macro   0x00009622      0x3cf ./src/main.o
 .debug_macro   0x000099f1       0xc8 ./src/main.o
 .debug_macro   0x00009ab9      0x17a ./src/main.o
 .debug_macro   0x00009c33       0xac ./src/main.o
 .debug_macro   0x00009cdf      0x3ad ./src/main.o
 .debug_macro   0x0000a08c      0x2cf ./src/main.o
 .debug_macro   0x0000a35b      0x279 ./src/main.o
 .debug_macro   0x0000a5d4      0x2ac ./src/main.o
 .debug_macro   0x0000a880      0x2b1 ./src/main.o
 .debug_macro   0x0000ab31       0x64 ./src/main.o
 .debug_macro   0x0000ab95       0x82 ./src/main.o
 .debug_macro   0x0000ac17      0x3e2 ./src/main.o
 .debug_macro   0x0000aff9       0x58 ./src/main.o
 .debug_macro   0x0000b051      0x341 ./src/main.o
 .debug_macro   0x0000b392      0x2c4 ./src/main.o
 .debug_macro   0x0000b656      0x711 ./src/main.o
 .debug_macro   0x0000bd67      0x220 ./src/main.o
 .debug_macro   0x0000bf87       0x34 ./src/main.o
 .debug_macro   0x0000bfbb       0x8b ./src/main.o
 .debug_macro   0x0000c046       0x35 ./src/main.o
 .debug_macro   0x0000c07b       0x94 ./src/main.o
 .debug_macro   0x0000c10f      0x18c ./libs/StdPeriph/src/misc.o
 .debug_macro   0x0000c29b       0x9a ./libs/StdPeriph/src/misc.o
 .debug_macro   0x0000c335       0x85 ./libs/StdPeriph/src/misc.o
 .debug_macro   0x0000c3ba      0x18c ./libs/StdPeriph/src/stm32f10x_exti.o
 .debug_macro   0x0000c546      0x1d4 ./libs/StdPeriph/src/stm32f10x_gpio.o
 .debug_macro   0x0000c71a      0x2a6 ./libs/StdPeriph/src/stm32f10x_gpio.o
 .debug_macro   0x0000c9c0      0x2a2 ./libs/StdPeriph/src/stm32f10x_rcc.o
 .debug_macro   0x0000cc62      0x3dc ./libs/StdPeriph/src/stm32f10x_rcc.o
 .debug_macro   0x0000d03e       0xa6 ./libs/CMSIS/src/startup_cm.o
 .debug_macro   0x0000d0e4      0x17c ./libs/CMSIS/src/startup_stm32f10x.o
 .debug_macro   0x0000d260      0x189 ./libs/CMSIS/src/system_stm32f10x.o
 .debug_macro   0x0000d3e9       0x11 ./libs/CMSIS/src/vectors_stm32f10x.o
