Archive member included because of file (symbol)

/home/kartik/ARMtoolchain/gcc-arm-none-eabi-4_8-2013q4/bin/../lib/gcc/arm-none-eabi/4.8.3/armv7-m/libgcc.a(_arm_addsubdf3.o)
                              ./src/main.o (__aeabi_i2d)
/home/kartik/ARMtoolchain/gcc-arm-none-eabi-4_8-2013q4/bin/../lib/gcc/arm-none-eabi/4.8.3/armv7-m/libgcc.a(_arm_muldivdf3.o)
                              ./src/main.o (__aeabi_ddiv)
/home/kartik/ARMtoolchain/gcc-arm-none-eabi-4_8-2013q4/bin/../lib/gcc/arm-none-eabi/4.8.3/armv7-m/libgcc.a(_arm_fixdfsi.o)
                              ./src/main.o (__aeabi_d2iz)
/home/kartik/ARMtoolchain/gcc-arm-none-eabi-4_8-2013q4/bin/../lib/gcc/arm-none-eabi/4.8.3/../../../../arm-none-eabi/lib/armv7-m/libg.a(lib_a-errno.o)
                              ./libs/misc/src/_sbrk.o (__errno)
/home/kartik/ARMtoolchain/gcc-arm-none-eabi-4_8-2013q4/bin/../lib/gcc/arm-none-eabi/4.8.3/../../../../arm-none-eabi/lib/armv7-m/libg.a(lib_a-impure.o)
                              /home/kartik/ARMtoolchain/gcc-arm-none-eabi-4_8-2013q4/bin/../lib/gcc/arm-none-eabi/4.8.3/../../../../arm-none-eabi/lib/armv7-m/libg.a(lib_a-errno.o) (_impure_ptr)

Allocating common symbols
Common symbol       size              file

dma                 0x2c              ./src/main.o
k                   0x3               ./src/main.o
steps               0x4               ./src/main.o
usart               0x10              ./src/main.o
i                   0x4               ./src/main.o
count               0x4               ./src/main.o
gpio                0x4               ./src/main.o
a                   0x1               ./src/main.o

Discarded input sections

 .text          0x00000000        0x0 ./src/main.o
 .data          0x00000000        0x0 ./src/main.o
 .bss           0x00000000        0x0 ./src/main.o
 .text          0x00000000        0x0 ./libs/misc/src/_sbrk.o
 .data          0x00000000        0x0 ./libs/misc/src/_sbrk.o
 .bss           0x00000000        0x0 ./libs/misc/src/_sbrk.o
 .text._sbrk    0x00000000       0x40 ./libs/misc/src/_sbrk.o
 .bss.current_heap_end.4278
                0x00000000        0x4 ./libs/misc/src/_sbrk.o
 .debug_info    0x00000000      0x121 ./libs/misc/src/_sbrk.o
 .debug_abbrev  0x00000000       0xb8 ./libs/misc/src/_sbrk.o
 .debug_loc     0x00000000       0x6e ./libs/misc/src/_sbrk.o
 .debug_aranges
                0x00000000       0x20 ./libs/misc/src/_sbrk.o
 .debug_ranges  0x00000000       0x10 ./libs/misc/src/_sbrk.o
 .debug_line    0x00000000       0xbb ./libs/misc/src/_sbrk.o
 .debug_str     0x00000000      0x1f5 ./libs/misc/src/_sbrk.o
 .comment       0x00000000       0x71 ./libs/misc/src/_sbrk.o
 .ARM.attributes
                0x00000000       0x33 ./libs/misc/src/_sbrk.o
 .debug_frame   0x00000000       0x28 ./libs/misc/src/_sbrk.o
 .text          0x00000000        0x0 ./libs/misc/src/_write.o
 .data          0x00000000        0x0 ./libs/misc/src/_write.o
 .bss           0x00000000        0x0 ./libs/misc/src/_write.o
 .text._write   0x00000000        0x6 ./libs/misc/src/_write.o
 .debug_info    0x00000000       0x7c ./libs/misc/src/_write.o
 .debug_abbrev  0x00000000       0x6d ./libs/misc/src/_write.o
 .debug_loc     0x00000000       0x21 ./libs/misc/src/_write.o
 .debug_aranges
                0x00000000       0x20 ./libs/misc/src/_write.o
 .debug_ranges  0x00000000       0x10 ./libs/misc/src/_write.o
 .debug_line    0x00000000       0x4c ./libs/misc/src/_write.o
 .debug_str     0x00000000      0x10a ./libs/misc/src/_write.o
 .comment       0x00000000       0x71 ./libs/misc/src/_write.o
 .ARM.attributes
                0x00000000       0x33 ./libs/misc/src/_write.o
 .debug_frame   0x00000000       0x20 ./libs/misc/src/_write.o
 .text          0x00000000        0x0 ./libs/misc/src/trace_impl.o
 .data          0x00000000        0x0 ./libs/misc/src/trace_impl.o
 .bss           0x00000000        0x0 ./libs/misc/src/trace_impl.o
 .text._write_trace_swo
                0x00000000       0x48 ./libs/misc/src/trace_impl.o
 .bss.isInitialised.4064
                0x00000000        0x4 ./libs/misc/src/trace_impl.o
 .debug_info    0x00000000       0x8c ./libs/misc/src/trace_impl.o
 .debug_abbrev  0x00000000       0x8b ./libs/misc/src/trace_impl.o
 .debug_loc     0x00000000       0x35 ./libs/misc/src/trace_impl.o
 .debug_aranges
                0x00000000       0x20 ./libs/misc/src/trace_impl.o
 .debug_ranges  0x00000000       0x10 ./libs/misc/src/trace_impl.o
 .debug_line    0x00000000       0x6a ./libs/misc/src/trace_impl.o
 .debug_str     0x00000000      0x126 ./libs/misc/src/trace_impl.o
 .comment       0x00000000       0x71 ./libs/misc/src/trace_impl.o
 .ARM.attributes
                0x00000000       0x33 ./libs/misc/src/trace_impl.o
 .debug_frame   0x00000000       0x28 ./libs/misc/src/trace_impl.o
 .text          0x00000000        0x0 ./libs/StdPeriph/src/misc.o
 .data          0x00000000        0x0 ./libs/StdPeriph/src/misc.o
[...]
Memory Configuration

Name             Origin             Length             Attributes
RAM              0x20000000         0x00005000         xrw
CCMRAM           0x00000000         0x00000000         xrw
FLASH            0x08000000         0x00020000         xr
FLASHB1          0x00000000         0x00000000         xr
EXTMEMB0         0x00000000         0x00000000         xr
EXTMEMB1         0x00000000         0x00000000         xr
EXTMEMB2         0x00000000         0x00000000         xr
EXTMEMB3         0x00000000         0x00000000         xr
MEMORY_ARRAY     0x00000000         0x00000000         xrw
*default*        0x00000000         0xffffffff

Linker script and memory map

LOAD ./src/main.o
LOAD ./libs/misc/src/_sbrk.o
LOAD ./libs/misc/src/_write.o
LOAD ./libs/misc/src/trace_impl.o
LOAD ./libs/StdPeriph/src/misc.o
LOAD ./libs/StdPeriph/src/stm32f10x_adc.o
LOAD ./libs/StdPeriph/src/stm32f10x_bkp.o
LOAD ./libs/StdPeriph/src/stm32f10x_can.o
LOAD ./libs/StdPeriph/src/stm32f10x_cec.o
LOAD ./libs/StdPeriph/src/stm32f10x_crc.o
LOAD ./libs/StdPeriph/src/stm32f10x_dac.o
LOAD ./libs/StdPeriph/src/stm32f10x_dbgmcu.o
LOAD ./libs/StdPeriph/src/stm32f10x_dma.o
LOAD ./libs/StdPeriph/src/stm32f10x_exti.o
LOAD ./libs/StdPeriph/src/stm32f10x_flash.o
LOAD ./libs/StdPeriph/src/stm32f10x_fsmc.o
LOAD ./libs/StdPeriph/src/stm32f10x_gpio.o
LOAD ./libs/StdPeriph/src/stm32f10x_i2c.o
LOAD ./libs/StdPeriph/src/stm32f10x_iwdg.o
LOAD ./libs/StdPeriph/src/stm32f10x_pwr.o
LOAD ./libs/StdPeriph/src/stm32f10x_rcc.o
LOAD ./libs/StdPeriph/src/stm32f10x_rtc.o
LOAD ./libs/StdPeriph/src/stm32f10x_sdio.o
LOAD ./libs/StdPeriph/src/stm32f10x_spi.o
LOAD ./libs/StdPeriph/src/stm32f10x_tim.o
LOAD ./libs/StdPeriph/src/stm32f10x_usart.o
LOAD ./libs/StdPeriph/src/stm32f10x_wwdg.o
LOAD ./libs/CMSIS/src/core_cm3.o
LOAD ./libs/CMSIS/src/startup_cm.o
LOAD ./libs/CMSIS/src/startup_stm32f10x.o
LOAD ./libs/CMSIS/src/system_stm32f10x.o
LOAD ./libs/CMSIS/src/vectors_stm32f10x.o
START GROUP
LOAD /home/kartik/ARMtoolchain/gcc-arm-none-eabi-4_8-2013q4/bin/../lib/gcc/arm-none-eabi/4.8.3/armv7-m/libgcc.a
LOAD /home/kartik/ARMtoolchain/gcc-arm-none-eabi-4_8-2013q4/bin/../lib/gcc/arm-none-eabi/4.8.3/../../../../arm-none-eabi/lib/armv7-m/libg.a
LOAD /home/kartik/ARMtoolchain/gcc-arm-none-eabi-4_8-2013q4/bin/../lib/gcc/arm-none-eabi/4.8.3/../../../../arm-none-eabi/lib/armv7-m/libc.a
END GROUP
START GROUP
LOAD /home/kartik/ARMtoolchain/gcc-arm-none-eabi-4_8-2013q4/bin/../lib/gcc/arm-none-eabi/4.8.3/armv7-m/libgcc.a
LOAD /home/kartik/ARMtoolchain/gcc-arm-none-eabi-4_8-2013q4/bin/../lib/gcc/arm-none-eabi/4.8.3/../../../../arm-none-eabi/lib/armv7-m/libg.a
LOAD /home/kartik/ARMtoolchain/gcc-arm-none-eabi-4_8-2013q4/bin/../lib/gcc/arm-none-eabi/4.8.3/../../../../arm-none-eabi/lib/armv7-m/libc.a
LOAD /home/kartik/ARMtoolchain/gcc-arm-none-eabi-4_8-2013q4/bin/../lib/gcc/arm-none-eabi/4.8.3/../../../../arm-none-eabi/lib/armv7-m/libm.a
LOAD /home/kartik/ARMtoolchain/gcc-arm-none-eabi-4_8-2013q4/bin/../lib/gcc/arm-none-eabi/4.8.3/../../../../arm-none-eabi/lib/armv7-m/libnosys.a
END GROUP
                0x20005000                __stack = (ORIGIN (RAM) + 0x5000)
                0x20005000                _estack = __stack
                0x00000400                __Main_Stack_Size = 0x400
                0x00000400                PROVIDE (_Main_Stack_Size, __Main_Stack_Size)
                0x20004c00                __Main_Stack_Limit = (__stack - __Main_Stack_Size)
                0x20004c00                PROVIDE (_Main_Stack_Limit, __Main_Stack_Limit)
                0x00000100                _Minimum_Stack_Size = 0x100
                0x20000070                PROVIDE (_Heap_Begin, _end_noinit)
                0x20004c00                PROVIDE (_Heap_Limit, (__stack - _Main_Stack_Size))

.isr_vector     0x08000000      0x178
                0x08000000                . = ALIGN (0x4)
 *(.isr_vector)
 .isr_vector    0x08000000      0x10c ./libs/CMSIS/src/vectors_stm32f10x.o
                0x08000000                g_pfnVectors
 *(.after_vectors .after_vectors.*)
 .after_vectors
                0x0800010c       0x58 ./libs/CMSIS/src/startup_cm.o
                0x0800010c                system_init
                0x08000134                Reset_Handler
 .after_vectors
                0x08000164       0x14 ./libs/CMSIS/src/vectors_stm32f10x.o
                0x08000164                RTC_Alarm_IRQHandler
                0x08000164                EXTI2_IRQHandler
                0x08000164                TIM8_TRG_COM_IRQHandler
                0x08000164                TIM8_CC_IRQHandler
                0x08000164                TIM1_CC_IRQHandler
                0x08000164                TIM6_IRQHandler
                0x08000164                PVD_IRQHandler
                0x08000164                SDIO_IRQHandler
                0x08000164                CAN2_RX1_IRQHandler
                0x08000164                EXTI3_IRQHandler
                0x08000164                TIM8_TRG_COM_TIM14_IRQHandler
                0x08000164                TIM1_UP_TIM10_IRQHandler
                0x08000164                TIM8_UP_TIM13_IRQHandler
                0x08000164                EXTI0_IRQHandler
                0x08000164                I2C2_EV_IRQHandler
                0x08000164                CAN1_RX0_IRQHandler
                0x08000164                TIM1_UP_TIM16_IRQHandler
                0x08000164                CAN2_SCE_IRQHandler
                0x08000164                ADC1_2_IRQHandler
                0x08000164                SPI1_IRQHandler
                0x08000164                TAMPER_IRQHandler
                0x08000164                TIM6_DAC_IRQHandler
                0x08000164                TIM1_BRK_TIM9_IRQHandler
                0x08000164                CAN2_RX0_IRQHandler
                0x08000164                TIM8_UP_IRQHandler
                0x08000164                DMA2_Channel2_IRQHandler
                0x08000164                DMA1_Channel4_IRQHandler
                0x08000164                USART3_IRQHandler
                0x08000164                RTC_IRQHandler
                0x08000164                DMA1_Channel7_IRQHandler
                0x08000164                CAN1_RX1_IRQHandler
                0x08000164                UART5_IRQHandler
                0x08000164                ADC3_IRQHandler
                0x08000164                TIM4_IRQHandler
                0x08000164                DMA2_Channel1_IRQHandler
                0x08000164                I2C1_EV_IRQHandler
                0x08000164                DMA1_Channel6_IRQHandler
                0x08000164                UART4_IRQHandler
                0x08000164                DMA2_Channel4_IRQHandler
                0x08000164                TIM3_IRQHandler
                0x08000164                RCC_IRQHandler
                0x08000164                TIM8_BRK_TIM12_IRQHandler
                0x08000164                TIM1_TRG_COM_IRQHandler
                0x08000164                DMA1_Channel1_IRQHandler
                0x08000164                Default_Handler
                0x08000164                CEC_IRQHandler
                0x08000164                EXTI15_10_IRQHandler
                0x08000164                TIM14_IRQHandler
                0x08000164                TIM13_IRQHandler
                0x08000164                TIM12_IRQHandler
                0x08000164                TIM7_IRQHandler
                0x08000164                CAN2_TX_IRQHandler
                0x08000164                TIM5_IRQHandler
                0x08000164                EXTI9_5_IRQHandler
                0x08000164                ETH_WKUP_IRQHandler
                0x08000164                SPI2_IRQHandler
                0x08000164                CAN1_TX_IRQHandler
                0x08000164                DMA2_Channel5_IRQHandler
                0x08000164                DMA1_Channel5_IRQHandler
                0x08000164                EXTI4_IRQHandler
                0x08000164                USB_LP_CAN1_RX0_IRQHandler
                0x08000164                TIM1_TRG_COM_TIM17_IRQHandler
                0x08000164                USB_HP_CAN1_TX_IRQHandler
                0x08000164                DMA1_Channel3_IRQHandler
                0x08000164                FSMC_IRQHandler
                0x08000164                ETH_IRQHandler
                0x08000164                TIM1_UP_IRQHandler
                0x08000164                WWDG_IRQHandler
                0x08000164                TIM2_IRQHandler
                0x08000164                OTG_FS_WKUP_IRQHandler
                0x08000164                TIM1_TRG_COM_TIM11_IRQHandler
                0x08000164                TIM1_BRK_IRQHandler
                0x08000164                EXTI1_IRQHandler
                0x08000164                DMA2_Channel4_5_IRQHandler
                0x08000164                USART2_IRQHandler
                0x08000164                I2C2_ER_IRQHandler
                0x08000164                DMA1_Channel2_IRQHandler
                0x08000164                TIM8_BRK_IRQHandler
                0x08000164                CAN1_SCE_IRQHandler
                0x08000164                FLASH_IRQHandler
                0x08000164                USART1_IRQHandler
                0x08000164                OTG_FS_IRQHandler
                0x08000164                SPI3_IRQHandler
                0x08000164                I2C1_ER_IRQHandler
                0x08000164                USBWakeUp_IRQHandler
                0x08000164                DMA2_Channel3_IRQHandler
                0x08000164                TIM1_BRK_TIM15_IRQHandler
                0x08000166                NMI_Handler
                0x08000168                HardFault_Handler
                0x0800016a                MemManage_Handler
                0x0800016c                BusFault_Handler
                0x0800016e                UsageFault_Handler
                0x08000170                SVC_Handler
                0x08000172                DebugMon_Handler
                0x08000174                PendSV_Handler
                0x08000178                . = ALIGN (0x4)

._inits         0x08000178        0x4
                0x08000178                . = ALIGN (0x4)
 *(.init)
 *(.fini)
                0x08000178                . = ALIGN (0x4)
                0x08000178                PROVIDE (__preinit_array_start, .)
 *(.preinit_array_sysinit .preinit_array_sysinit.*)
 .preinit_array_sysinit
                0x08000178        0x4 ./libs/CMSIS/src/startup_cm.o
                0x08000178                p_system_init
 *(.preinit_array_platform .preinit_array_platform.*)
 *(.preinit_array .preinit_array.*)
                0x0800017c                PROVIDE (__preinit_array_end, .)
                0x0800017c                . = ALIGN (0x4)
                0x0800017c                PROVIDE (__init_array_start, .)
 *(SORT(.init_array.*))
 *(.init_array)
                0x0800017c                PROVIDE (__init_array_end, .)
                0x0800017c                . = ALIGN (0x4)
                0x0800017c                PROVIDE (__fini_array_start, .)
 *(SORT(.fini_array.*))
 *(.fini_array)
                0x0800017c                PROVIDE (__fini_array_end, .)
                0x0800017c                . = ALIGN (0x4)

.flashtext      0x0800017c        0x0
                0x0800017c                . = ALIGN (0x4)
 *(.flashtext .flashtext.*)
                0x0800017c                . = ALIGN (0x4)

.text           0x08000180      0xf00
                0x08000180                . = ALIGN (0x4)
 *(.text .text.*)
 .text.rec_data
                0x08000180       0x98 ./src/main.o
                0x08000180                rec_data
 .text.set_bits
                0x08000218       0x44 ./src/main.o
                0x08000218                set_bits
 *fill*         0x0800025c        0x4 
 .text.startup.main
                0x08000260      0x138 ./src/main.o
                0x08000260                main
 .text.SysTick_Handler
                0x08000398       0x14 ./src/main.o
                0x08000398                SysTick_Handler
 .text.DMA_Init
                0x080003ac       0x3c ./libs/StdPeriph/src/stm32f10x_dma.o
                0x080003ac                DMA_Init
 .text.DMA_Cmd  0x080003e8       0x16 ./libs/StdPeriph/src/stm32f10x_dma.o
                0x080003e8                DMA_Cmd
 *fill*         0x080003fe        0x2 
 .text.DMA_GetFlagStatus
                0x08000400       0x1c ./libs/StdPeriph/src/stm32f10x_dma.o
                0x08000400                DMA_GetFlagStatus
 .text.DMA_ClearFlag
                0x0800041c       0x14 ./libs/StdPeriph/src/stm32f10x_dma.o
                0x0800041c                DMA_ClearFlag
 .text.GPIO_Init
                0x08000430       0x9c ./libs/StdPeriph/src/stm32f10x_gpio.o
                0x08000430                GPIO_Init
 .text.RCC_GetClocksFreq
                0x080004cc       0x88 ./libs/StdPeriph/src/stm32f10x_rcc.o
                0x080004cc                RCC_GetClocksFreq
 .text.RCC_AHBPeriphClockCmd
                0x08000554       0x18 ./libs/StdPeriph/src/stm32f10x_rcc.o
                0x08000554                RCC_AHBPeriphClockCmd
 .text.RCC_APB2PeriphClockCmd
                0x0800056c       0x18 ./libs/StdPeriph/src/stm32f10x_rcc.o
                0x0800056c                RCC_APB2PeriphClockCmd
 .text.RCC_APB2PeriphResetCmd
                0x08000584       0x18 ./libs/StdPeriph/src/stm32f10x_rcc.o
                0x08000584                RCC_APB2PeriphResetCmd
 .text.RCC_APB1PeriphResetCmd
                0x0800059c       0x18 ./libs/StdPeriph/src/stm32f10x_rcc.o
                0x0800059c                RCC_APB1PeriphResetCmd
 .text.USART_DeInit
                0x080005b4       0x98 ./libs/StdPeriph/src/stm32f10x_usart.o
                0x080005b4                USART_DeInit
 .text.USART_Init
                0x0800064c       0xa8 ./libs/StdPeriph/src/stm32f10x_usart.o
                0x0800064c                USART_Init
 .text.USART_Cmd
                0x080006f4       0x18 ./libs/StdPeriph/src/stm32f10x_usart.o
                0x080006f4                USART_Cmd
 .text.USART_DMACmd
                0x0800070c       0x12 ./libs/StdPeriph/src/stm32f10x_usart.o
                0x0800070c                USART_DMACmd
 *fill*         0x0800071e        0x2 
 .text.__libc_init_array
                0x08000720       0x48 ./libs/CMSIS/src/startup_cm.o
                0x08000720                __libc_init_array
 .text.__libc_fini_array
                0x08000768       0x24 ./libs/CMSIS/src/startup_cm.o
                0x08000768                __libc_fini_array
 .text._exit    0x0800078c       0x1c ./libs/CMSIS/src/startup_stm32f10x.o
                0x0800078c                _exit
 .text.SystemInit
                0x080007a8       0xf4 ./libs/CMSIS/src/system_stm32f10x.o
                0x080007a8                SystemInit
 .text          0x0800089c      0x370 /home/kartik/ARMtoolchain/gcc-arm-none-eabi-4_8-2013q4/bin/../lib/gcc/arm-none-eabi/4.8.3/armv7-m/libgcc.a(_arm_addsubdf3.o)
                0x0800089c                __aeabi_drsub
                0x080008a4                __aeabi_dsub
                0x080008a4                __subdf3
                0x080008a8                __adddf3
                0x080008a8                __aeabi_dadd
                0x08000b20                __aeabi_ui2d
                0x08000b20                __floatunsidf
                0x08000b40                __floatsidf
                0x08000b40                __aeabi_i2d
                0x08000b64                __extendsfdf2
                0x08000b64                __aeabi_f2d
                0x08000ba0                __aeabi_ul2d
                0x08000ba0                __floatundidf
                0x08000bb0                __floatdidf
                0x08000bb0                __aeabi_l2d
 .text          0x08000c0c      0x424 /home/kartik/ARMtoolchain/gcc-arm-none-eabi-4_8-2013q4/bin/../lib/gcc/arm-none-eabi/4.8.3/armv7-m/libgcc.a(_arm_muldivdf3.o)
                0x08000c0c                __aeabi_dmul
                0x08000c0c                __muldf3
                0x08000e60                __aeabi_ddiv
                0x08000e60                __divdf3
 .text          0x08001030       0x50 /home/kartik/ARMtoolchain/gcc-arm-none-eabi-4_8-2013q4/bin/../lib/gcc/arm-none-eabi/4.8.3/armv7-m/libgcc.a(_arm_fixdfsi.o)
                0x08001030                __fixdfsi
                0x08001030                __aeabi_d2iz
 *(.rodata .rodata.*)
 *(.eh_frame*)
 *(.glue_7)
 .glue_7        0x00000000        0x0 linker stubs
 *(.glue_7t)
 .glue_7t       0x00000000        0x0 linker stubs

.vfp11_veneer   0x08001080        0x0
 .vfp11_veneer  0x00000000        0x0 linker stubs

.v4_bx          0x08001080        0x0
 .v4_bx         0x00000000        0x0 linker stubs

.iplt           0x08001080        0x0
 .iplt          0x00000000        0x0 ./src/main.o

.rel.dyn        0x08001080        0x0
 .rel.iplt      0x00000000        0x0 ./src/main.o

.ARM.extab
 *(.ARM.extab* .gnu.linkonce.armextab.*)
                0x08001080                __exidx_start = .

.ARM.exidx
 *(.ARM.exidx* .gnu.linkonce.armexidx.*)
                0x08001080                __exidx_end = .
                0x08001080                . = ALIGN (0x4)
                0x08001080                _etext = .
                0x08001080                _sidata = _etext

.ROarraySection
 *(.ROarraySection .ROarraySection.*)

.data           0x20000000       0x14 load address 0x08001080
                0x20000000                . = ALIGN (0x4)
                0x20000000                _sdata = .
                0x20000000                __data_start__ = .
 *(vtable)
 *(.data .data.*)
 .data.ADCPrescTable
                0x20000000        0x4 ./libs/StdPeriph/src/stm32f10x_rcc.o
 .data.APBAHBPrescTable
                0x20000004       0x10 ./libs/StdPeriph/src/stm32f10x_rcc.o
                0x20000014                . = ALIGN (0x4)
                0x20000014                _edata = .
                0x20000014                __data_end__ = .

.igot.plt       0x20000014        0x0 load address 0x08001094
 .igot.plt      0x00000000        0x0 ./src/main.o

.bss            0x20000014       0x5c load address 0x08001094
                0x20000014                . = ALIGN (0x4)
                0x20000014                __bss_start__ = .
                0x20000014                _sbss = .
 *(.bss .bss.*)
 .bss.uwTimingDelay
                0x20000014        0x4 ./src/main.o
 .bss.buffer    0x20000018        0x4 ./src/main.o
                0x20000018                buffer
 *(COMMON)
 COMMON         0x2000001c       0x51 ./src/main.o
                0x2000001c                dma
                0x20000048                k
                0x2000004c                steps
                0x20000050                usart
                0x20000060                i
                0x20000064                count
                0x20000068                gpio
                0x2000006c                a
                0x20000070                . = ALIGN (0x4)
 *fill*         0x2000006d        0x3 
                0x20000070                __bss_end__ = .
                0x20000070                _ebss = .

.noinit         0x20000070        0x0
                0x20000070                . = ALIGN (0x4)
                0x20000070                _noinit = .
 *(.noinit .noinit.*)
                0x20000070                . = ALIGN (0x4)
                0x20000070                _end_noinit = .
                0x20000070                PROVIDE (end, _end_noinit)
                0x20000070                PROVIDE (_end, _end_noinit)

._check_stack   0x20000070      0x100 load address 0x080010f0
                0x20000070                . = ALIGN (0x4)
                0x20000170                . = (. + _Minimum_Stack_Size)
 *fill*         0x20000070      0x100 
                0x20000170                . = ALIGN (0x4)

.bss_CCMRAM
 *(.bss.CCMRAM .bss.CCMRAM.*)

.b1text
 *(.b1text)
 *(.b1rodata)
 *(.b1rodata.*)

.eb0text
 *(.eb0text)
 *(.eb0rodata)
 *(.eb0rodata.*)

.eb1text
 *(.eb1text)
 *(.eb1rodata)
 *(.eb1rodata.*)

.eb2text
 *(.eb2text)
 *(.eb2rodata)
 *(.eb2rodata.*)

.eb3text
 *(.eb3text)
 *(.eb3rodata)
 *(.eb3rodata.*)

.stab
 *(.stab)

.stabstr
 *(.stabstr)

.stab.excl
 *(.stab.excl)

.stab.exclstr
 *(.stab.exclstr)

.stab.index
 *(.stab.index)

.stab.indexstr
 *(.stab.indexstr)

.comment        0x00000000       0x70
 *(.comment)
 .comment       0x00000000       0x70 ./src/main.o
                                 0x71 (size before relaxing)
 .comment       0x00000000       0x71 ./libs/StdPeriph/src/stm32f10x_dma.o
 .comment       0x00000000       0x71 ./libs/StdPeriph/src/stm32f10x_gpio.o
 .comment       0x00000000       0x71 ./libs/StdPeriph/src/stm32f10x_rcc.o
 .comment       0x00000000       0x71 ./libs/StdPeriph/src/stm32f10x_usart.o
 .comment       0x00000000       0x71 ./libs/CMSIS/src/startup_cm.o
 .comment       0x00000000       0x71 ./libs/CMSIS/src/startup_stm32f10x.o
 .comment       0x00000000       0x71 ./libs/CMSIS/src/system_stm32f10x.o
 .comment       0x00000000       0x71 ./libs/CMSIS/src/vectors_stm32f10x.o

.ARM.attributes
                0x00000000       0x33
 .ARM.attributes
                0x00000000       0x33 ./src/main.o
 .ARM.attributes
                0x00000033       0x33 ./libs/StdPeriph/src/stm32f10x_dma.o
 .ARM.attributes
                0x00000066       0x33 ./libs/StdPeriph/src/stm32f10x_gpio.o
 .ARM.attributes
                0x00000099       0x33 ./libs/StdPeriph/src/stm32f10x_rcc.o
 .ARM.attributes
                0x000000cc       0x33 ./libs/StdPeriph/src/stm32f10x_usart.o
 .ARM.attributes
                0x000000ff       0x33 ./libs/CMSIS/src/startup_cm.o
 .ARM.attributes
                0x00000132       0x33 ./libs/CMSIS/src/startup_stm32f10x.o
 .ARM.attributes
                0x00000165       0x33 ./libs/CMSIS/src/system_stm32f10x.o
 .ARM.attributes
                0x00000198       0x33 ./libs/CMSIS/src/vectors_stm32f10x.o
 .ARM.attributes
                0x000001cb       0x1d /home/kartik/ARMtoolchain/gcc-arm-none-eabi-4_8-2013q4/bin/../lib/gcc/arm-none-eabi/4.8.3/armv7-m/libgcc.a(_arm_addsubdf3.o)
 .ARM.attributes
                0x000001e8       0x1d /home/kartik/ARMtoolchain/gcc-arm-none-eabi-4_8-2013q4/bin/../lib/gcc/arm-none-eabi/4.8.3/armv7-m/libgcc.a(_arm_muldivdf3.o)
 .ARM.attributes
                0x00000205       0x1d /home/kartik/ARMtoolchain/gcc-arm-none-eabi-4_8-2013q4/bin/../lib/gcc/arm-none-eabi/4.8.3/armv7-m/libgcc.a(_arm_fixdfsi.o)

.debug
 *(.debug)

.line
 *(.line)

.debug_srcinfo
 *(.debug_srcinfo)

.debug_sfnames
 *(.debug_sfnames)

.debug_aranges  0x00000000      0x450
 *(.debug_aranges)
 .debug_aranges
                0x00000000       0x38 ./src/main.o
 .debug_aranges
                0x00000038       0x70 ./libs/StdPeriph/src/stm32f10x_dma.o
 .debug_aranges
                0x000000a8       0xa8 ./libs/StdPeriph/src/stm32f10x_gpio.o
 .debug_aranges
                0x00000150      0x118 ./libs/StdPeriph/src/stm32f10x_rcc.o
 .debug_aranges
                0x00000268      0x100 ./libs/StdPeriph/src/stm32f10x_usart.o
 .debug_aranges
                0x00000368       0x38 ./libs/CMSIS/src/startup_cm.o
 .debug_aranges
                0x000003a0       0x20 ./libs/CMSIS/src/startup_stm32f10x.o
 .debug_aranges
                0x000003c0       0x28 ./libs/CMSIS/src/system_stm32f10x.o
 .debug_aranges
                0x000003e8       0x68 ./libs/CMSIS/src/vectors_stm32f10x.o

.debug_pubnames
 *(.debug_pubnames)

.debug_info     0x00000000     0x32cb
 *(.debug_info .gnu.linkonce.wi.*)
 .debug_info    0x00000000      0x8d9 ./src/main.o
 .debug_info    0x000008d9      0x448 ./libs/StdPeriph/src/stm32f10x_dma.o
 .debug_info    0x00000d21      0x7ba ./libs/StdPeriph/src/stm32f10x_gpio.o
 .debug_info    0x000014db      0x88e ./libs/StdPeriph/src/stm32f10x_rcc.o
 .debug_info    0x00001d69      0xab2 ./libs/StdPeriph/src/stm32f10x_usart.o
 .debug_info    0x0000281b      0x2ef ./libs/CMSIS/src/startup_cm.o
 .debug_info    0x00002b0a      0x252 ./libs/CMSIS/src/startup_stm32f10x.o
 .debug_info    0x00002d5c      0x43f ./libs/CMSIS/src/system_stm32f10x.o
 .debug_info    0x0000319b      0x130 ./libs/CMSIS/src/vectors_stm32f10x.o

.debug_abbrev   0x00000000      0xe1e
 *(.debug_abbrev)
 .debug_abbrev  0x00000000      0x215 ./src/main.o
 .debug_abbrev  0x00000215      0x166 ./libs/StdPeriph/src/stm32f10x_dma.o
 .debug_abbrev  0x0000037b      0x1f5 ./libs/StdPeriph/src/stm32f10x_gpio.o
 .debug_abbrev  0x00000570      0x1e2 ./libs/StdPeriph/src/stm32f10x_rcc.o
 .debug_abbrev  0x00000752      0x1fa ./libs/StdPeriph/src/stm32f10x_usart.o
 .debug_abbrev  0x0000094c      0x1b4 ./libs/CMSIS/src/startup_cm.o
 .debug_abbrev  0x00000b00       0xf6 ./libs/CMSIS/src/startup_stm32f10x.o
 .debug_abbrev  0x00000bf6      0x199 ./libs/CMSIS/src/system_stm32f10x.o
 .debug_abbrev  0x00000d8f       0x8f ./libs/CMSIS/src/vectors_stm32f10x.o

.debug_line     0x00000000     0x11e5
 *(.debug_line)
 .debug_line    0x00000000      0x1f1 ./src/main.o
 .debug_line    0x000001f1      0x213 ./libs/StdPeriph/src/stm32f10x_dma.o
 .debug_line    0x00000404      0x2d1 ./libs/StdPeriph/src/stm32f10x_gpio.o
 .debug_line    0x000006d5      0x3a3 ./libs/StdPeriph/src/stm32f10x_rcc.o
 .debug_line    0x00000a78      0x3dc ./libs/StdPeriph/src/stm32f10x_usart.o
 .debug_line    0x00000e54      0x121 ./libs/CMSIS/src/startup_cm.o
 .debug_line    0x00000f75       0xdd ./libs/CMSIS/src/startup_stm32f10x.o
 .debug_line    0x00001052      0x132 ./libs/CMSIS/src/system_stm32f10x.o
 .debug_line    0x00001184       0x61 ./libs/CMSIS/src/vectors_stm32f10x.o

.debug_frame    0x00000000      0x844
 *(.debug_frame)
 .debug_frame   0x00000000       0x74 ./src/main.o
 .debug_frame   0x00000074       0xc8 ./libs/StdPeriph/src/stm32f10x_dma.o
 .debug_frame   0x0000013c      0x164 ./libs/StdPeriph/src/stm32f10x_gpio.o
 .debug_frame   0x000002a0      0x224 ./libs/StdPeriph/src/stm32f10x_rcc.o
 .debug_frame   0x000004c4      0x20c ./libs/StdPeriph/src/stm32f10x_usart.o
 .debug_frame   0x000006d0       0x70 ./libs/CMSIS/src/startup_cm.o
 .debug_frame   0x00000740       0x20 ./libs/CMSIS/src/startup_stm32f10x.o
 .debug_frame   0x00000760       0x34 ./libs/CMSIS/src/system_stm32f10x.o
 .debug_frame   0x00000794       0xb0 ./libs/CMSIS/src/vectors_stm32f10x.o

.debug_str      0x00000000     0x133f
 *(.debug_str)
 .debug_str     0x00000000      0x563 ./src/main.o
                                0x5ad (size before relaxing)
 .debug_str     0x00000563      0x10d ./libs/StdPeriph/src/stm32f10x_dma.o
                                0x3e4 (size before relaxing)
 .debug_str     0x00000670      0x251 ./libs/StdPeriph/src/stm32f10x_gpio.o
                                0x553 (size before relaxing)
 .debug_str     0x000008c1      0x3f3 ./libs/StdPeriph/src/stm32f10x_rcc.o
                                0x63d (size before relaxing)
 .debug_str     0x00000cb4      0x35f ./libs/StdPeriph/src/stm32f10x_usart.o
                                0x6f3 (size before relaxing)
 .debug_str     0x00001013      0x14b ./libs/CMSIS/src/startup_cm.o
                                0x2e4 (size before relaxing)
 .debug_str     0x0000115e       0x8b ./libs/CMSIS/src/startup_stm32f10x.o
                                0x220 (size before relaxing)
 .debug_str     0x000011e9       0x8b ./libs/CMSIS/src/system_stm32f10x.o
                                0x2ff (size before relaxing)
 .debug_str     0x00001274       0xcb ./libs/CMSIS/src/vectors_stm32f10x.o
                                0x1d5 (size before relaxing)

.debug_loc      0x00000000     0x15a1
 *(.debug_loc)
 .debug_loc     0x00000000      0x183 ./libs/StdPeriph/src/stm32f10x_dma.o
 .debug_loc     0x00000183      0x504 ./libs/StdPeriph/src/stm32f10x_gpio.o
 .debug_loc     0x00000687      0x683 ./libs/StdPeriph/src/stm32f10x_rcc.o
 .debug_loc     0x00000d0a      0x6aa ./libs/StdPeriph/src/stm32f10x_usart.o
 .debug_loc     0x000013b4      0x14f ./libs/CMSIS/src/startup_cm.o
 .debug_loc     0x00001503       0x9e ./libs/CMSIS/src/system_stm32f10x.o

.debug_macinfo
 *(.debug_macinfo)

.debug_weaknames
 *(.debug_weaknames)

.debug_funcnames
 *(.debug_funcnames)

.debug_typenames
 *(.debug_typenames)

.debug_varnames
 *(.debug_varnames)
OUTPUT(stepper.elf elf32-littlearm)

.debug_ranges   0x00000000      0x3d8
 .debug_ranges  0x00000000       0x28 ./src/main.o
 .debug_ranges  0x00000028       0x60 ./libs/StdPeriph/src/stm32f10x_dma.o
 .debug_ranges  0x00000088       0x98 ./libs/StdPeriph/src/stm32f10x_gpio.o
 .debug_ranges  0x00000120      0x108 ./libs/StdPeriph/src/stm32f10x_rcc.o
 .debug_ranges  0x00000228       0xf0 ./libs/StdPeriph/src/stm32f10x_usart.o
 .debug_ranges  0x00000318       0x28 ./libs/CMSIS/src/startup_cm.o
 .debug_ranges  0x00000340       0x10 ./libs/CMSIS/src/startup_stm32f10x.o
 .debug_ranges  0x00000350       0x30 ./libs/CMSIS/src/system_stm32f10x.o
 .debug_ranges  0x00000380       0x58 ./libs/CMSIS/src/vectors_stm32f10x.o
