Archive member included because of file (symbol)

/home/kartik/ARMtoolchain/gcc-arm-none-eabi-4_8-2013q4/bin/../lib/gcc/arm-none-eabi/4.8.3/armv7-m/libgcc.a(_arm_addsubdf3.o)
                              ./src/main.o (__aeabi_i2d)
/home/kartik/ARMtoolchain/gcc-arm-none-eabi-4_8-2013q4/bin/../lib/gcc/arm-none-eabi/4.8.3/armv7-m/libgcc.a(_arm_muldivdf3.o)
                              ./src/main.o (__aeabi_ddiv)
/home/kartik/ARMtoolchain/gcc-arm-none-eabi-4_8-2013q4/bin/../lib/gcc/arm-none-eabi/4.8.3/armv7-m/libgcc.a(_arm_fixdfsi.o)
                              ./src/main.o (__aeabi_d2iz)
/home/kartik/ARMtoolchain/gcc-arm-none-eabi-4_8-2013q4/bin/../lib/gcc/arm-none-eabi/4.8.3/../../../../arm-none-eabi/lib/armv7-m/libg.a(lib_a-errno.o)
                              ./libs/misc/src/_sbrk.o (__errno)
/home/kartik/ARMtoolchain/gcc-arm-none-eabi-4_8-2013q4/bin/../lib/gcc/arm-none-eabi/4.8.3/../../../../arm-none-eabi/lib/armv7-m/libg.a(lib_a-impure.o)
                              /home/kartik/ARMtoolchain/gcc-arm-none-eabi-4_8-2013q4/bin/../lib/gcc/arm-none-eabi/4.8.3/../../../../arm-none-eabi/lib/armv7-m/libg.a(lib_a-errno.o) (_impure_ptr)

Allocating common symbols
Common symbol       size              file

dma                 0x2c              ./src/main.o
k                   0x3               ./src/main.o
steps               0x4               ./src/main.o
usart               0x10              ./src/main.o
i                   0x4               ./src/main.o
count               0x4               ./src/main.o
gpio                0x4               ./src/main.o

Discarded input sections

 .group         0x00000000        0x8 ./src/main.o
 .group         0x00000000        0x8 ./src/main.o
 .group         0x00000000        0x8 ./src/main.o
 .group         0x00000000        0x8 ./src/main.o
 .group         0x00000000        0x8 ./src/main.o
 .group         0x00000000        0x8 ./src/main.o
 .group         0x00000000        0x8 ./src/main.o
 .group         0x00000000        0x8 ./src/main.o
 .group         0x00000000        0x8 ./src/main.o
 .group         0x00000000        0x8 ./src/main.o
 .group         0x00000000        0x8 ./src/main.o
 .group         0x00000000        0x8 ./src/main.o
 .group         0x00000000        0x8 ./src/main.o
 .group         0x00000000        0x8 ./src/main.o
 .group         0x00000000        0x8 ./src/main.o
 .group         0x00000000        0x8 ./src/main.o
 .group         0x00000000        0x8 ./src/main.o
 .group         0x00000000        0x8 ./src/main.o
 .group         0x00000000        0x8 ./src/main.o
 .group         0x00000000        0x8 ./src/main.o
 .group         0x00000000        0x8 ./src/main.o
 .group         0x00000000        0x8 ./src/main.o
 .group         0x00000000        0x8 ./src/main.o
 .group         0x00000000        0x8 ./src/main.o
 .group         0x00000000        0x8 ./src/main.o
 .group         0x00000000        0x8 ./src/main.o
 .group         0x00000000        0x8 ./src/main.o
 .group         0x00000000        0x8 ./src/main.o
 .group         0x00000000        0x8 ./src/main.o
 .group         0x00000000        0x8 ./src/main.o
 .group         0x00000000        0x8 ./src/main.o
 .group         0x00000000        0x8 ./src/main.o
 .group         0x00000000        0x8 ./src/main.o
 .group         0x00000000        0x8 ./src/main.o
 .group         0x00000000        0x8 ./src/main.o
 .group         0x00000000        0x8 ./src/main.o
 .group         0x00000000        0x8 ./src/main.o
 .group         0x00000000        0x8 ./src/main.o
 .group         0x00000000        0x8 ./src/main.o
 .group         0x00000000        0x8 ./src/main.o
 .group         0x00000000        0x8 ./src/main.o
 .group         0x00000000        0x8 ./src/main.o
 .group         0x00000000        0x8 ./src/main.o
 .group         0x00000000        0x8 ./src/main.o
 .group         0x00000000        0x8 ./src/main.o
 .group         0x00000000        0x8 ./src/main.o
 .group         0x00000000        0x8 ./src/main.o
 .text          0x00000000        0x0 ./src/main.o
 .data          0x00000000        0x0 ./src/main.o
 .bss           0x00000000        0x0 ./src/main.o
 .text.Delay    0x00000000       0x28 ./src/main.o
 .group         0x00000000        0x8 ./libs/misc/src/_sbrk.o
 .group         0x00000000        0x8 ./libs/misc/src/_sbrk.o
 .group         0x00000000        0x8 ./libs/misc/src/_sbrk.o
 .group         0x00000000        0x8 ./libs/misc/src/_sbrk.o
 .group         0x00000000        0x8 ./libs/misc/src/_sbrk.o
 .group         0x00000000        0x8 ./libs/misc/src/_sbrk.o
 .group         0x00000000        0x8 ./libs/misc/src/_sbrk.o
 .group         0x00000000        0x8 ./libs/misc/src/_sbrk.o
 .group         0x00000000        0x8 ./libs/misc/src/_sbrk.o
 .group         0x00000000        0x8 ./libs/misc/src/_sbrk.o
 .group         0x00000000        0x8 ./libs/misc/src/_sbrk.o
 .group         0x00000000        0x8 ./libs/misc/src/_sbrk.o
[...]
Memory Configuration

Name             Origin             Length             Attributes
RAM              0x20000000         0x00005000         xrw
CCMRAM           0x00000000         0x00000000         xrw
FLASH            0x08000000         0x00020000         xr
FLASHB1          0x00000000         0x00000000         xr
EXTMEMB0         0x00000000         0x00000000         xr
EXTMEMB1         0x00000000         0x00000000         xr
EXTMEMB2         0x00000000         0x00000000         xr
EXTMEMB3         0x00000000         0x00000000         xr
MEMORY_ARRAY     0x00000000         0x00000000         xrw
*default*        0x00000000         0xffffffff

Linker script and memory map

LOAD ./src/main.o
LOAD ./libs/misc/src/_sbrk.o
LOAD ./libs/misc/src/_write.o
LOAD ./libs/misc/src/trace_impl.o
LOAD ./libs/StdPeriph/src/misc.o
LOAD ./libs/StdPeriph/src/stm32f10x_adc.o
LOAD ./libs/StdPeriph/src/stm32f10x_bkp.o
LOAD ./libs/StdPeriph/src/stm32f10x_can.o
LOAD ./libs/StdPeriph/src/stm32f10x_cec.o
LOAD ./libs/StdPeriph/src/stm32f10x_crc.o
LOAD ./libs/StdPeriph/src/stm32f10x_dac.o
LOAD ./libs/StdPeriph/src/stm32f10x_dbgmcu.o
LOAD ./libs/StdPeriph/src/stm32f10x_dma.o
LOAD ./libs/StdPeriph/src/stm32f10x_exti.o
LOAD ./libs/StdPeriph/src/stm32f10x_flash.o
LOAD ./libs/StdPeriph/src/stm32f10x_fsmc.o
LOAD ./libs/StdPeriph/src/stm32f10x_gpio.o
LOAD ./libs/StdPeriph/src/stm32f10x_i2c.o
LOAD ./libs/StdPeriph/src/stm32f10x_iwdg.o
LOAD ./libs/StdPeriph/src/stm32f10x_pwr.o
LOAD ./libs/StdPeriph/src/stm32f10x_rcc.o
LOAD ./libs/StdPeriph/src/stm32f10x_rtc.o
LOAD ./libs/StdPeriph/src/stm32f10x_sdio.o
LOAD ./libs/StdPeriph/src/stm32f10x_spi.o
LOAD ./libs/StdPeriph/src/stm32f10x_tim.o
LOAD ./libs/StdPeriph/src/stm32f10x_usart.o
LOAD ./libs/StdPeriph/src/stm32f10x_wwdg.o
LOAD ./libs/CMSIS/src/core_cm3.o
LOAD ./libs/CMSIS/src/startup_cm.o
LOAD ./libs/CMSIS/src/startup_stm32f10x.o
LOAD ./libs/CMSIS/src/system_stm32f10x.o
LOAD ./libs/CMSIS/src/vectors_stm32f10x.o
START GROUP
LOAD /home/kartik/ARMtoolchain/gcc-arm-none-eabi-4_8-2013q4/bin/../lib/gcc/arm-none-eabi/4.8.3/armv7-m/libgcc.a
LOAD /home/kartik/ARMtoolchain/gcc-arm-none-eabi-4_8-2013q4/bin/../lib/gcc/arm-none-eabi/4.8.3/../../../../arm-none-eabi/lib/armv7-m/libg.a
LOAD /home/kartik/ARMtoolchain/gcc-arm-none-eabi-4_8-2013q4/bin/../lib/gcc/arm-none-eabi/4.8.3/../../../../arm-none-eabi/lib/armv7-m/libc.a
END GROUP
START GROUP
LOAD /home/kartik/ARMtoolchain/gcc-arm-none-eabi-4_8-2013q4/bin/../lib/gcc/arm-none-eabi/4.8.3/armv7-m/libgcc.a
LOAD /home/kartik/ARMtoolchain/gcc-arm-none-eabi-4_8-2013q4/bin/../lib/gcc/arm-none-eabi/4.8.3/../../../../arm-none-eabi/lib/armv7-m/libg.a
LOAD /home/kartik/ARMtoolchain/gcc-arm-none-eabi-4_8-2013q4/bin/../lib/gcc/arm-none-eabi/4.8.3/../../../../arm-none-eabi/lib/armv7-m/libc.a
LOAD /home/kartik/ARMtoolchain/gcc-arm-none-eabi-4_8-2013q4/bin/../lib/gcc/arm-none-eabi/4.8.3/../../../../arm-none-eabi/lib/armv7-m/libm.a
LOAD /home/kartik/ARMtoolchain/gcc-arm-none-eabi-4_8-2013q4/bin/../lib/gcc/arm-none-eabi/4.8.3/../../../../arm-none-eabi/lib/armv7-m/libnosys.a
END GROUP
                0x20005000                __stack = (ORIGIN (RAM) + 0x5000)
                0x20005000                _estack = __stack
                0x00000400                __Main_Stack_Size = 0x400
                0x00000400                PROVIDE (_Main_Stack_Size, __Main_Stack_Size)
                0x20004c00                __Main_Stack_Limit = (__stack - __Main_Stack_Size)
                0x20004c00                PROVIDE (_Main_Stack_Limit, __Main_Stack_Limit)
                0x00000100                _Minimum_Stack_Size = 0x100
                0x20000070                PROVIDE (_Heap_Begin, _end_noinit)
                0x20004c00                PROVIDE (_Heap_Limit, (__stack - _Main_Stack_Size))

.isr_vector     0x08000000      0x1e8
                0x08000000                . = ALIGN (0x4)
 *(.isr_vector)
 .isr_vector    0x08000000      0x10c ./libs/CMSIS/src/vectors_stm32f10x.o
                0x08000000                g_pfnVectors
 *(.after_vectors .after_vectors.*)
 .after_vectors
                0x0800010c       0x8c ./libs/CMSIS/src/startup_cm.o
                0x0800010c                Reset_Handler
                0x08000150                system_init
 .after_vectors
                0x08000198       0x50 ./libs/CMSIS/src/vectors_stm32f10x.o
                0x08000198                RTC_Alarm_IRQHandler
                0x08000198                EXTI2_IRQHandler
                0x08000198                TIM8_TRG_COM_IRQHandler
                0x08000198                TIM8_CC_IRQHandler
                0x08000198                TIM1_CC_IRQHandler
                0x08000198                TIM6_IRQHandler
                0x08000198                PVD_IRQHandler
                0x08000198                SDIO_IRQHandler
                0x08000198                CAN2_RX1_IRQHandler
                0x08000198                EXTI3_IRQHandler
                0x08000198                TIM8_TRG_COM_TIM14_IRQHandler
                0x08000198                TIM1_UP_TIM10_IRQHandler
                0x08000198                TIM8_UP_TIM13_IRQHandler
                0x08000198                EXTI0_IRQHandler
                0x08000198                I2C2_EV_IRQHandler
                0x08000198                CAN1_RX0_IRQHandler
                0x08000198                TIM1_UP_TIM16_IRQHandler
                0x08000198                CAN2_SCE_IRQHandler
                0x08000198                ADC1_2_IRQHandler
                0x08000198                SPI1_IRQHandler
                0x08000198                TAMPER_IRQHandler
                0x08000198                TIM6_DAC_IRQHandler
                0x08000198                TIM1_BRK_TIM9_IRQHandler
                0x08000198                CAN2_RX0_IRQHandler
                0x08000198                TIM8_UP_IRQHandler
                0x08000198                DMA2_Channel2_IRQHandler
                0x08000198                DMA1_Channel4_IRQHandler
                0x08000198                USART3_IRQHandler
                0x08000198                RTC_IRQHandler
                0x08000198                DMA1_Channel7_IRQHandler
                0x08000198                CAN1_RX1_IRQHandler
                0x08000198                UART5_IRQHandler
                0x08000198                ADC3_IRQHandler
                0x08000198                TIM4_IRQHandler
                0x08000198                DMA2_Channel1_IRQHandler
                0x08000198                I2C1_EV_IRQHandler
                0x08000198                DMA1_Channel6_IRQHandler
                0x08000198                UART4_IRQHandler
                0x08000198                DMA2_Channel4_IRQHandler
                0x08000198                TIM3_IRQHandler
                0x08000198                RCC_IRQHandler
                0x08000198                TIM8_BRK_TIM12_IRQHandler
                0x08000198                TIM1_TRG_COM_IRQHandler
                0x08000198                DMA1_Channel1_IRQHandler
                0x08000198                Default_Handler
                0x08000198                CEC_IRQHandler
                0x08000198                EXTI15_10_IRQHandler
                0x08000198                TIM14_IRQHandler
                0x08000198                TIM13_IRQHandler
                0x08000198                TIM12_IRQHandler
                0x08000198                TIM7_IRQHandler
                0x08000198                CAN2_TX_IRQHandler
                0x08000198                TIM5_IRQHandler
                0x08000198                EXTI9_5_IRQHandler
                0x08000198                ETH_WKUP_IRQHandler
                0x08000198                SPI2_IRQHandler
                0x08000198                CAN1_TX_IRQHandler
                0x08000198                DMA2_Channel5_IRQHandler
                0x08000198                DMA1_Channel5_IRQHandler
                0x08000198                EXTI4_IRQHandler
                0x08000198                USB_LP_CAN1_RX0_IRQHandler
                0x08000198                TIM1_TRG_COM_TIM17_IRQHandler
                0x08000198                USB_HP_CAN1_TX_IRQHandler
                0x08000198                DMA1_Channel3_IRQHandler
                0x08000198                FSMC_IRQHandler
                0x08000198                ETH_IRQHandler
                0x08000198                TIM1_UP_IRQHandler
                0x08000198                WWDG_IRQHandler
                0x08000198                TIM2_IRQHandler
                0x08000198                OTG_FS_WKUP_IRQHandler
                0x08000198                TIM1_TRG_COM_TIM11_IRQHandler
                0x08000198                TIM1_BRK_IRQHandler
                0x08000198                EXTI1_IRQHandler
                0x08000198                DMA2_Channel4_5_IRQHandler
                0x08000198                USART2_IRQHandler
                0x08000198                I2C2_ER_IRQHandler
                0x08000198                DMA1_Channel2_IRQHandler
                0x08000198                TIM8_BRK_IRQHandler
                0x08000198                CAN1_SCE_IRQHandler
                0x08000198                FLASH_IRQHandler
                0x08000198                USART1_IRQHandler
                0x08000198                OTG_FS_IRQHandler
                0x08000198                SPI3_IRQHandler
                0x08000198                I2C1_ER_IRQHandler
                0x08000198                USBWakeUp_IRQHandler
                0x08000198                DMA2_Channel3_IRQHandler
                0x08000198                TIM1_BRK_TIM15_IRQHandler
                0x080001a0                NMI_Handler
                0x080001a8                HardFault_Handler
                0x080001b0                MemManage_Handler
                0x080001b8                BusFault_Handler
                0x080001c0                UsageFault_Handler
                0x080001c8                SVC_Handler
                0x080001d0                DebugMon_Handler
                0x080001d8                PendSV_Handler
                0x080001e8                . = ALIGN (0x4)

._inits         0x080001e8        0x4
                0x080001e8                . = ALIGN (0x4)
 *(.init)
 *(.fini)
                0x080001e8                . = ALIGN (0x4)
                0x080001e8                PROVIDE (__preinit_array_start, .)
 *(.preinit_array_sysinit .preinit_array_sysinit.*)
 .preinit_array_sysinit
                0x080001e8        0x4 ./libs/CMSIS/src/startup_cm.o
                0x080001e8                p_system_init
 *(.preinit_array_platform .preinit_array_platform.*)
 *(.preinit_array .preinit_array.*)
                0x080001ec                PROVIDE (__preinit_array_end, .)
                0x080001ec                . = ALIGN (0x4)
                0x080001ec                PROVIDE (__init_array_start, .)
 *(SORT(.init_array.*))
 *(.init_array)
                0x080001ec                PROVIDE (__init_array_end, .)
                0x080001ec                . = ALIGN (0x4)
                0x080001ec                PROVIDE (__fini_array_start, .)
 *(SORT(.fini_array.*))
 *(.fini_array)
                0x080001ec                PROVIDE (__fini_array_end, .)
                0x080001ec                . = ALIGN (0x4)

.flashtext      0x080001ec        0x0
                0x080001ec                . = ALIGN (0x4)
 *(.flashtext .flashtext.*)
                0x080001ec                . = ALIGN (0x4)

.text           0x080001f0     0x1520
                0x080001f0                . = ALIGN (0x4)
 *(.text .text.*)
 .text.main     0x080001f0      0x218 ./src/main.o
                0x080001f0                main
 .text.rec_data
                0x08000408       0xc0 ./src/main.o
                0x08000408                rec_data
 .text.set_bits
                0x080004c8       0x50 ./src/main.o
                0x080004c8                set_bits
 .text.TimingDelay_Decrement
                0x08000518       0x24 ./src/main.o
 .text.SysTick_Handler
                0x0800053c        0xc ./src/main.o
                0x0800053c                SysTick_Handler
 .text.DMA_Init
                0x08000548       0x7c ./libs/StdPeriph/src/stm32f10x_dma.o
                0x08000548                DMA_Init
 .text.DMA_Cmd  0x080005c4       0x38 ./libs/StdPeriph/src/stm32f10x_dma.o
                0x080005c4                DMA_Cmd
 .text.DMA_GetFlagStatus
                0x080005fc       0x54 ./libs/StdPeriph/src/stm32f10x_dma.o
                0x080005fc                DMA_GetFlagStatus
 .text.DMA_ClearFlag
                0x08000650       0x34 ./libs/StdPeriph/src/stm32f10x_dma.o
                0x08000650                DMA_ClearFlag
 .text.GPIO_Init
                0x08000684      0x178 ./libs/StdPeriph/src/stm32f10x_gpio.o
                0x08000684                GPIO_Init
 .text.RCC_GetClocksFreq
                0x080007fc      0x164 ./libs/StdPeriph/src/stm32f10x_rcc.o
                0x080007fc                RCC_GetClocksFreq
 .text.RCC_AHBPeriphClockCmd
                0x08000960       0x3c ./libs/StdPeriph/src/stm32f10x_rcc.o
                0x08000960                RCC_AHBPeriphClockCmd
 .text.RCC_APB2PeriphClockCmd
                0x0800099c       0x3c ./libs/StdPeriph/src/stm32f10x_rcc.o
                0x0800099c                RCC_APB2PeriphClockCmd
 .text.RCC_APB2PeriphResetCmd
                0x080009d8       0x3c ./libs/StdPeriph/src/stm32f10x_rcc.o
                0x080009d8                RCC_APB2PeriphResetCmd
 .text.RCC_APB1PeriphResetCmd
                0x08000a14       0x3c ./libs/StdPeriph/src/stm32f10x_rcc.o
                0x08000a14                RCC_APB1PeriphResetCmd
 .text.USART_DeInit
                0x08000a50       0xb8 ./libs/StdPeriph/src/stm32f10x_usart.o
                0x08000a50                USART_DeInit
 .text.USART_Init
                0x08000b08      0x174 ./libs/StdPeriph/src/stm32f10x_usart.o
                0x08000b08                USART_Init
 .text.USART_Cmd
                0x08000c7c       0x40 ./libs/StdPeriph/src/stm32f10x_usart.o
                0x08000c7c                USART_Cmd
 .text.USART_DMACmd
                0x08000cbc       0x48 ./libs/StdPeriph/src/stm32f10x_usart.o
                0x08000cbc                USART_DMACmd
 .text.__libc_init_array
                0x08000d04       0x6c ./libs/CMSIS/src/startup_cm.o
                0x08000d04                __libc_init_array
 .text.__libc_fini_array
                0x08000d70       0x3c ./libs/CMSIS/src/startup_cm.o
                0x08000d70                __libc_fini_array
 .text._exit    0x08000dac        0xc ./libs/CMSIS/src/startup_stm32f10x.o
                0x08000dac                _exit
 .text.SystemInit
                0x08000db8       0x68 ./libs/CMSIS/src/system_stm32f10x.o
                0x08000db8                SystemInit
 .text.SetSysClock
                0x08000e20        0xc ./libs/CMSIS/src/system_stm32f10x.o
 .text.SetSysClockTo72
                0x08000e2c      0x100 ./libs/CMSIS/src/system_stm32f10x.o
 .text          0x08000f2c      0x370 /home/kartik/ARMtoolchain/gcc-arm-none-eabi-4_8-2013q4/bin/../lib/gcc/arm-none-eabi/4.8.3/armv7-m/libgcc.a(_arm_addsubdf3.o)
                0x08000f2c                __aeabi_drsub
                0x08000f34                __aeabi_dsub
                0x08000f34                __subdf3
                0x08000f38                __adddf3
                0x08000f38                __aeabi_dadd
                0x080011b0                __aeabi_ui2d
                0x080011b0                __floatunsidf
                0x080011d0                __floatsidf
                0x080011d0                __aeabi_i2d
                0x080011f4                __extendsfdf2
                0x080011f4                __aeabi_f2d
                0x08001230                __aeabi_ul2d
                0x08001230                __floatundidf
                0x08001240                __floatdidf
                0x08001240                __aeabi_l2d
 .text          0x0800129c      0x424 /home/kartik/ARMtoolchain/gcc-arm-none-eabi-4_8-2013q4/bin/../lib/gcc/arm-none-eabi/4.8.3/armv7-m/libgcc.a(_arm_muldivdf3.o)
                0x0800129c                __aeabi_dmul
                0x0800129c                __muldf3
                0x080014f0                __aeabi_ddiv
                0x080014f0                __divdf3
 .text          0x080016c0       0x50 /home/kartik/ARMtoolchain/gcc-arm-none-eabi-4_8-2013q4/bin/../lib/gcc/arm-none-eabi/4.8.3/armv7-m/libgcc.a(_arm_fixdfsi.o)
                0x080016c0                __fixdfsi
                0x080016c0                __aeabi_d2iz
 *(.rodata .rodata.*)
 *(.eh_frame*)
 *(.glue_7)
 .glue_7        0x00000000        0x0 linker stubs
 *(.glue_7t)
 .glue_7t       0x00000000        0x0 linker stubs

.vfp11_veneer   0x08001710        0x0
 .vfp11_veneer  0x00000000        0x0 linker stubs

.v4_bx          0x08001710        0x0
 .v4_bx         0x00000000        0x0 linker stubs

.iplt           0x08001710        0x0
 .iplt          0x00000000        0x0 ./src/main.o

.rel.dyn        0x08001710        0x0
 .rel.iplt      0x00000000        0x0 ./src/main.o

.ARM.extab
 *(.ARM.extab* .gnu.linkonce.armextab.*)
                0x08001710                __exidx_start = .

.ARM.exidx
 *(.ARM.exidx* .gnu.linkonce.armexidx.*)
                0x08001710                __exidx_end = .
                0x08001710                . = ALIGN (0x4)
                0x08001710                _etext = .
                0x08001710                _sidata = _etext

.ROarraySection
 *(.ROarraySection .ROarraySection.*)

.data           0x20000000       0x14 load address 0x08001710
                0x20000000                . = ALIGN (0x4)
                0x20000000                _sdata = .
                0x20000000                __data_start__ = .
 *(vtable)
 *(.data .data.*)
 .data.APBAHBPrescTable
                0x20000000       0x10 ./libs/StdPeriph/src/stm32f10x_rcc.o
 .data.ADCPrescTable
                0x20000010        0x4 ./libs/StdPeriph/src/stm32f10x_rcc.o
                0x20000014                . = ALIGN (0x4)
                0x20000014                _edata = .
                0x20000014                __data_end__ = .

.igot.plt       0x20000014        0x0 load address 0x08001724
 .igot.plt      0x00000000        0x0 ./src/main.o

.bss            0x20000014       0x5c load address 0x08001724
                0x20000014                . = ALIGN (0x4)
                0x20000014                __bss_start__ = .
                0x20000014                _sbss = .
 *(.bss .bss.*)
 .bss.a         0x20000014        0x2 ./src/main.o
 *fill*         0x20000016        0x2 
 .bss.buffer    0x20000018        0x4 ./src/main.o
                0x20000018                buffer
 .bss.uwTimingDelay
                0x2000001c        0x4 ./src/main.o
 *(COMMON)
 COMMON         0x20000020       0x50 ./src/main.o
                0x20000020                dma
                0x2000004c                k
                0x20000050                steps
                0x20000054                usart
                0x20000064                i
                0x20000068                count
                0x2000006c                gpio
                0x20000070                . = ALIGN (0x4)
                0x20000070                __bss_end__ = .
                0x20000070                _ebss = .

.noinit         0x20000070        0x0
                0x20000070                . = ALIGN (0x4)
                0x20000070                _noinit = .
 *(.noinit .noinit.*)
                0x20000070                . = ALIGN (0x4)
                0x20000070                _end_noinit = .
                0x20000070                PROVIDE (end, _end_noinit)
                0x20000070                PROVIDE (_end, _end_noinit)

._check_stack   0x20000070      0x100 load address 0x08001780
                0x20000070                . = ALIGN (0x4)
                0x20000170                . = (. + _Minimum_Stack_Size)
 *fill*         0x20000070      0x100 
                0x20000170                . = ALIGN (0x4)

.bss_CCMRAM
 *(.bss.CCMRAM .bss.CCMRAM.*)

.b1text
 *(.b1text)
 *(.b1rodata)
 *(.b1rodata.*)

.eb0text
 *(.eb0text)
 *(.eb0rodata)
 *(.eb0rodata.*)

.eb1text
 *(.eb1text)
 *(.eb1rodata)
 *(.eb1rodata.*)

.eb2text
 *(.eb2text)
 *(.eb2rodata)
 *(.eb2rodata.*)

.eb3text
 *(.eb3text)
 *(.eb3rodata)
 *(.eb3rodata.*)

.stab
 *(.stab)

.stabstr
 *(.stabstr)

.stab.excl
 *(.stab.excl)

.stab.exclstr
 *(.stab.exclstr)

.stab.index
 *(.stab.index)

.stab.indexstr
 *(.stab.indexstr)

.comment        0x00000000       0x70
 *(.comment)
 .comment       0x00000000       0x70 ./src/main.o
                                 0x71 (size before relaxing)
 .comment       0x00000000       0x71 ./libs/StdPeriph/src/stm32f10x_dma.o
 .comment       0x00000000       0x71 ./libs/StdPeriph/src/stm32f10x_gpio.o
 .comment       0x00000000       0x71 ./libs/StdPeriph/src/stm32f10x_rcc.o
 .comment       0x00000000       0x71 ./libs/StdPeriph/src/stm32f10x_usart.o
 .comment       0x00000000       0x71 ./libs/CMSIS/src/startup_cm.o
 .comment       0x00000000       0x71 ./libs/CMSIS/src/startup_stm32f10x.o
 .comment       0x00000000       0x71 ./libs/CMSIS/src/system_stm32f10x.o
 .comment       0x00000000       0x71 ./libs/CMSIS/src/vectors_stm32f10x.o

.ARM.attributes
                0x00000000       0x33
 .ARM.attributes
                0x00000000       0x33 ./src/main.o
 .ARM.attributes
                0x00000033       0x33 ./libs/StdPeriph/src/stm32f10x_dma.o
 .ARM.attributes
                0x00000066       0x33 ./libs/StdPeriph/src/stm32f10x_gpio.o
 .ARM.attributes
                0x00000099       0x33 ./libs/StdPeriph/src/stm32f10x_rcc.o
 .ARM.attributes
                0x000000cc       0x33 ./libs/StdPeriph/src/stm32f10x_usart.o
 .ARM.attributes
                0x000000ff       0x33 ./libs/CMSIS/src/startup_cm.o
 .ARM.attributes
                0x00000132       0x33 ./libs/CMSIS/src/startup_stm32f10x.o
 .ARM.attributes
                0x00000165       0x33 ./libs/CMSIS/src/system_stm32f10x.o
 .ARM.attributes
                0x00000198       0x33 ./libs/CMSIS/src/vectors_stm32f10x.o
 .ARM.attributes
                0x000001cb       0x1d /home/kartik/ARMtoolchain/gcc-arm-none-eabi-4_8-2013q4/bin/../lib/gcc/arm-none-eabi/4.8.3/armv7-m/libgcc.a(_arm_addsubdf3.o)
 .ARM.attributes
                0x000001e8       0x1d /home/kartik/ARMtoolchain/gcc-arm-none-eabi-4_8-2013q4/bin/../lib/gcc/arm-none-eabi/4.8.3/armv7-m/libgcc.a(_arm_muldivdf3.o)
 .ARM.attributes
                0x00000205       0x1d /home/kartik/ARMtoolchain/gcc-arm-none-eabi-4_8-2013q4/bin/../lib/gcc/arm-none-eabi/4.8.3/armv7-m/libgcc.a(_arm_fixdfsi.o)

.debug
 *(.debug)

.line
 *(.line)

.debug_srcinfo
 *(.debug_srcinfo)

.debug_sfnames
 *(.debug_sfnames)

.debug_aranges  0x00000000      0x470
 *(.debug_aranges)
 .debug_aranges
                0x00000000       0x48 ./src/main.o
 .debug_aranges
                0x00000048       0x70 ./libs/StdPeriph/src/stm32f10x_dma.o
 .debug_aranges
                0x000000b8       0xa8 ./libs/StdPeriph/src/stm32f10x_gpio.o
 .debug_aranges
                0x00000160      0x118 ./libs/StdPeriph/src/stm32f10x_rcc.o
 .debug_aranges
                0x00000278      0x100 ./libs/StdPeriph/src/stm32f10x_usart.o
 .debug_aranges
                0x00000378       0x38 ./libs/CMSIS/src/startup_cm.o
 .debug_aranges
                0x000003b0       0x20 ./libs/CMSIS/src/startup_stm32f10x.o
 .debug_aranges
                0x000003d0       0x38 ./libs/CMSIS/src/system_stm32f10x.o
 .debug_aranges
                0x00000408       0x68 ./libs/CMSIS/src/vectors_stm32f10x.o

.debug_pubnames
 *(.debug_pubnames)

.debug_info     0x00000000     0x2b0b
 *(.debug_info .gnu.linkonce.wi.*)
 .debug_info    0x00000000      0x558 ./src/main.o
 .debug_info    0x00000558      0x44f ./libs/StdPeriph/src/stm32f10x_dma.o
 .debug_info    0x000009a7      0x6b8 ./libs/StdPeriph/src/stm32f10x_gpio.o
 .debug_info    0x0000105f      0x85e ./libs/StdPeriph/src/stm32f10x_rcc.o
 .debug_info    0x000018bd      0x9b9 ./libs/StdPeriph/src/stm32f10x_usart.o
 .debug_info    0x00002276      0x29c ./libs/CMSIS/src/startup_cm.o
 .debug_info    0x00002512       0xaa ./libs/CMSIS/src/startup_stm32f10x.o
 .debug_info    0x000025bc      0x41b ./libs/CMSIS/src/system_stm32f10x.o
 .debug_info    0x000029d7      0x134 ./libs/CMSIS/src/vectors_stm32f10x.o

.debug_abbrev   0x00000000      0xbca
 *(.debug_abbrev)
 .debug_abbrev  0x00000000      0x1d9 ./src/main.o
 .debug_abbrev  0x000001d9      0x15a ./libs/StdPeriph/src/stm32f10x_dma.o
 .debug_abbrev  0x00000333      0x1cd ./libs/StdPeriph/src/stm32f10x_gpio.o
 .debug_abbrev  0x00000500      0x1bf ./libs/StdPeriph/src/stm32f10x_rcc.o
 .debug_abbrev  0x000006bf      0x167 ./libs/StdPeriph/src/stm32f10x_usart.o
 .debug_abbrev  0x00000826      0x128 ./libs/CMSIS/src/startup_cm.o
 .debug_abbrev  0x0000094e       0x6e ./libs/CMSIS/src/startup_stm32f10x.o
 .debug_abbrev  0x000009bc      0x17c ./libs/CMSIS/src/system_stm32f10x.o
 .debug_abbrev  0x00000b38       0x92 ./libs/CMSIS/src/vectors_stm32f10x.o

.debug_line     0x00000000     0x2a7d
 *(.debug_line)
 .debug_line    0x00000000      0x570 ./src/main.o
 .debug_line    0x00000570      0x53d ./libs/StdPeriph/src/stm32f10x_dma.o
 .debug_line    0x00000aad      0x5e7 ./libs/StdPeriph/src/stm32f10x_gpio.o
 .debug_line    0x00001094      0x6f6 ./libs/StdPeriph/src/stm32f10x_rcc.o
 .debug_line    0x0000178a      0x6be ./libs/StdPeriph/src/stm32f10x_usart.o
 .debug_line    0x00001e48      0x2a8 ./libs/CMSIS/src/startup_cm.o
 .debug_line    0x000020f0      0x438 ./libs/CMSIS/src/startup_stm32f10x.o
 .debug_line    0x00002528      0x4c2 ./libs/CMSIS/src/system_stm32f10x.o
 .debug_line    0x000029ea       0x93 ./libs/CMSIS/src/vectors_stm32f10x.o

.debug_frame    0x00000000      0xd14
 *(.debug_frame)
 .debug_frame   0x00000000       0xb8 ./src/main.o
 .debug_frame   0x000000b8      0x144 ./libs/StdPeriph/src/stm32f10x_dma.o
 .debug_frame   0x000001fc      0x210 ./libs/StdPeriph/src/stm32f10x_gpio.o
 .debug_frame   0x0000040c      0x388 ./libs/StdPeriph/src/stm32f10x_rcc.o
 .debug_frame   0x00000794      0x344 ./libs/StdPeriph/src/stm32f10x_usart.o
 .debug_frame   0x00000ad8       0x90 ./libs/CMSIS/src/startup_cm.o
 .debug_frame   0x00000b68       0x2c ./libs/CMSIS/src/startup_stm32f10x.o
 .debug_frame   0x00000b94       0x80 ./libs/CMSIS/src/system_stm32f10x.o
 .debug_frame   0x00000c14      0x100 ./libs/CMSIS/src/vectors_stm32f10x.o

.debug_str      0x00000000    0x506ec
 *(.debug_str)
 .debug_str     0x00000000    0x4e642 ./src/main.o
                              0x4e7f9 (size before relaxing)
 .debug_str     0x0004e642      0x621 ./libs/StdPeriph/src/stm32f10x_dma.o
                              0x4cdf2 (size before relaxing)
 .debug_str     0x0004ec63      0x48d ./libs/StdPeriph/src/stm32f10x_gpio.o
                              0x4ccb8 (size before relaxing)
 .debug_str     0x0004f0f0      0xb57 ./libs/StdPeriph/src/stm32f10x_rcc.o
                              0x4d29e (size before relaxing)
 .debug_str     0x0004fc47      0x768 ./libs/StdPeriph/src/stm32f10x_usart.o
                              0x4cfc8 (size before relaxing)
 .debug_str     0x000503af      0x133 ./libs/CMSIS/src/startup_cm.o
                               0x345d (size before relaxing)
 .debug_str     0x000504e2       0x2c ./libs/CMSIS/src/startup_stm32f10x.o
                              0x4c6e5 (size before relaxing)
 .debug_str     0x0005050e      0x113 ./libs/CMSIS/src/system_stm32f10x.o
                              0x4c869 (size before relaxing)
 .debug_str     0x00050621       0xcb ./libs/CMSIS/src/vectors_stm32f10x.o
                               0x24df (size before relaxing)

.debug_loc
 *(.debug_loc)

.debug_macinfo
 *(.debug_macinfo)

.debug_weaknames
 *(.debug_weaknames)

.debug_funcnames
 *(.debug_funcnames)

.debug_typenames
 *(.debug_typenames)

.debug_varnames
 *(.debug_varnames)
OUTPUT(stepper.elf elf32-littlearm)

.debug_ranges   0x00000000      0x3e0
 .debug_ranges  0x00000000       0x38 ./src/main.o
 .debug_ranges  0x00000038       0x60 ./libs/StdPeriph/src/stm32f10x_dma.o
 .debug_ranges  0x00000098       0x98 ./libs/StdPeriph/src/stm32f10x_gpio.o
 .debug_ranges  0x00000130      0x108 ./libs/StdPeriph/src/stm32f10x_rcc.o
 .debug_ranges  0x00000238       0xf0 ./libs/StdPeriph/src/stm32f10x_usart.o
 .debug_ranges  0x00000328       0x28 ./libs/CMSIS/src/startup_cm.o
 .debug_ranges  0x00000350       0x10 ./libs/CMSIS/src/startup_stm32f10x.o
 .debug_ranges  0x00000360       0x28 ./libs/CMSIS/src/system_stm32f10x.o
 .debug_ranges  0x00000388       0x58 ./libs/CMSIS/src/vectors_stm32f10x.o

.debug_macro    0x00000000     0xe0d5
 .debug_macro   0x00000000      0x234 ./src/main.o
 .debug_macro   0x00000234      0x85c ./src/main.o
 .debug_macro   0x00000a90       0x50 ./src/main.o
 .debug_macro   0x00000ae0       0x22 ./src/main.o
 .debug_macro   0x00000b02       0x52 ./src/main.o
 .debug_macro   0x00000b54       0x16 ./src/main.o
 .debug_macro   0x00000b6a       0x35 ./src/main.o
 .debug_macro   0x00000b9f       0xa3 ./src/main.o
 .debug_macro   0x00000c42      0x20e ./src/main.o
 .debug_macro   0x00000e50      0x69f ./src/main.o
 .debug_macro   0x000014ef     0x7dbe ./src/main.o
 .debug_macro   0x000092ad      0x2df ./src/main.o
 .debug_macro   0x0000958c      0x144 ./src/main.o
 .debug_macro   0x000096d0      0x3cf ./src/main.o
 .debug_macro   0x00009a9f       0xc8 ./src/main.o
 .debug_macro   0x00009b67      0x17a ./src/main.o
 .debug_macro   0x00009ce1       0xac ./src/main.o
 .debug_macro   0x00009d8d      0x3ad ./src/main.o
 .debug_macro   0x0000a13a       0x9a ./src/main.o
 .debug_macro   0x0000a1d4      0x2cf ./src/main.o
 .debug_macro   0x0000a4a3      0x279 ./src/main.o
 .debug_macro   0x0000a71c      0x2ac ./src/main.o
 .debug_macro   0x0000a9c8      0x2b1 ./src/main.o
 .debug_macro   0x0000ac79       0x64 ./src/main.o
 .debug_macro   0x0000acdd       0x82 ./src/main.o
 .debug_macro   0x0000ad5f      0x3e2 ./src/main.o
 .debug_macro   0x0000b141       0x58 ./src/main.o
 .debug_macro   0x0000b199      0x341 ./src/main.o
 .debug_macro   0x0000b4da      0x2c4 ./src/main.o
 .debug_macro   0x0000b79e      0x711 ./src/main.o
 .debug_macro   0x0000beaf      0x220 ./src/main.o
 .debug_macro   0x0000c0cf       0x34 ./src/main.o
 .debug_macro   0x0000c103       0x8b ./src/main.o
 .debug_macro   0x0000c18e       0x35 ./src/main.o
 .debug_macro   0x0000c1c3       0x16 ./src/main.o
 .debug_macro   0x0000c1d9       0x97 ./src/main.o
 .debug_macro   0x0000c270       0x10 ./src/main.o
 .debug_macro   0x0000c280       0xf6 ./src/main.o
 .debug_macro   0x0000c376       0x3a ./src/main.o
 .debug_macro   0x0000c3b0       0x52 ./src/main.o
 .debug_macro   0x0000c402       0x16 ./src/main.o
 .debug_macro   0x0000c418       0x43 ./src/main.o
 .debug_macro   0x0000c45b      0x180 ./src/main.o
 .debug_macro   0x0000c5db       0x10 ./src/main.o
 .debug_macro   0x0000c5eb       0x22 ./src/main.o
 .debug_macro   0x0000c60d       0xbd ./src/main.o
 .debug_macro   0x0000c6ca       0x16 ./src/main.o
 .debug_macro   0x0000c6e0      0x16c ./src/main.o
 .debug_macro   0x0000c84c      0x1da ./libs/StdPeriph/src/stm32f10x_dma.o
 .debug_macro   0x0000ca26      0x3a7 ./libs/StdPeriph/src/stm32f10x_dma.o
 .debug_macro   0x0000cdcd      0x1d4 ./libs/StdPeriph/src/stm32f10x_gpio.o
 .debug_macro   0x0000cfa1      0x2a6 ./libs/StdPeriph/src/stm32f10x_gpio.o
 .debug_macro   0x0000d247      0x2a2 ./libs/StdPeriph/src/stm32f10x_rcc.o
 .debug_macro   0x0000d4e9      0x3dc ./libs/StdPeriph/src/stm32f10x_rcc.o
 .debug_macro   0x0000d8c5      0x23a ./libs/StdPeriph/src/stm32f10x_usart.o
 .debug_macro   0x0000daff      0x21a ./libs/StdPeriph/src/stm32f10x_usart.o
 .debug_macro   0x0000dd19       0xa6 ./libs/CMSIS/src/startup_cm.o
 .debug_macro   0x0000ddbf      0x17c ./libs/CMSIS/src/startup_stm32f10x.o
 .debug_macro   0x0000df3b      0x189 ./libs/CMSIS/src/system_stm32f10x.o
 .debug_macro   0x0000e0c4       0x11 ./libs/CMSIS/src/vectors_stm32f10x.o
